ARM Linker, 5.03 [Build 76] [MDK-ARM Standard]

==============================================================================

Section Cross References

    stm32l1xx_gpio.o(.text) refers to stm32l1xx_rcc.o(.text) for RCC_AHBPeriphResetCmd
    stm32l1xx_pwr.o(.text) refers to stm32l1xx_rcc.o(.text) for RCC_APB1PeriphResetCmd
    stm32l1xx_rcc.o(.text) refers to stm32l1xx_rcc.o(.data) for PLLMulTable
    stm32l1xx_syscfg.o(.text) refers to stm32l1xx_rcc.o(.text) for RCC_APB2PeriphResetCmd
    stm32l1xx_wwdg.o(.text) refers to stm32l1xx_rcc.o(.text) for RCC_APB1PeriphResetCmd
    stm32l1xx_usart.o(.text) refers to stm32l1xx_rcc.o(.text) for RCC_APB2PeriphResetCmd
    stm32l1xx_i2c.o(.text) refers to stm32l1xx_rcc.o(.text) for RCC_APB1PeriphResetCmd
    stm32l1xx_tim.o(.text) refers to stm32l1xx_rcc.o(.text) for RCC_APB1PeriphResetCmd
    main.o(.text) refers to i2c_slave.o(.text) for I2CDRV_Init
    main.o(.text) refers to delay.o(.text) for delay_ms
    main.o(.text) refers to i2c_master.o(.text) for i2c_master_init
    main.o(.text) refers to bmp280.o(.text) for bmp280_init
    main.o(.text) refers to akm09916.o(.text) for ak09916_compare_whoami
    main.o(.text) refers to ltr553.o(.text) for ltr553_dev_init
    main.o(.text) refers to icm20608.o(.text) for icm_init
    main.o(.text) refers to d2f.o(x$fpl$d2f) for __aeabi_d2f
    main.o(.text) refers to main.o(.data) for ecompass_data
    main.o(.text) refers to main.o(.bss) for tmpRV
    main.o(.text) refers to gpio.o(.data) for ps_value
    main.o(.text) refers to i2c_slave.o(.data) for i2c_irq_flg
    system_stm32l1xx.o(.text) refers to stm32l1xx_rcc.o(.text) for RCC_AHBPeriphClockCmd
    system_stm32l1xx.o(.text) refers to stm32l1xx_gpio.o(.text) for GPIO_Init
    system_stm32l1xx.o(.text) refers to system_stm32l1xx.o(.data) for MSITable
    startup_stm32l1xx_md.o(STACK) refers (Special) to heapauxi.o(.text) for __use_two_region_memory
    startup_stm32l1xx_md.o(HEAP) refers (Special) to heapauxi.o(.text) for __use_two_region_memory
    startup_stm32l1xx_md.o(RESET) refers (Special) to heapauxi.o(.text) for __use_two_region_memory
    startup_stm32l1xx_md.o(RESET) refers to startup_stm32l1xx_md.o(STACK) for __initial_sp
    startup_stm32l1xx_md.o(RESET) refers to startup_stm32l1xx_md.o(.text) for Reset_Handler
    startup_stm32l1xx_md.o(RESET) refers to i2c_slave.o(.text) for I2C2_EV_IRQHandler
    startup_stm32l1xx_md.o(RESET) refers to gpio.o(.text) for EXTI15_10_IRQHandler
    startup_stm32l1xx_md.o(.text) refers (Special) to heapauxi.o(.text) for __use_two_region_memory
    startup_stm32l1xx_md.o(.text) refers to system_stm32l1xx.o(.text) for SystemInit
    startup_stm32l1xx_md.o(.text) refers to __main.o(!!!main) for __main
    startup_stm32l1xx_md.o(.text) refers to startup_stm32l1xx_md.o(HEAP) for Heap_Mem
    startup_stm32l1xx_md.o(.text) refers to startup_stm32l1xx_md.o(STACK) for Stack_Mem
    usart_1.o(.text) refers to stm32l1xx_usart.o(.text) for USART_Init
    usart_1.o(.text) refers to stm32l1xx_gpio.o(.text) for GPIO_PinAFConfig
    usart_1.o(.text) refers to stm32l1xx_rcc.o(.text) for RCC_AHBPeriphClockCmd
    led.o(.text) refers to stm32l1xx_gpio.o(.text) for GPIO_Init
    led.o(.text) refers to stm32l1xx_rcc.o(.text) for RCC_AHBPeriphClockCmd
    i2c_slave.o(.text) refers to stm32l1xx_i2c.o(.text) for I2C_GetLastEvent
    i2c_slave.o(.text) refers to stm32l1xx_rcc.o(.text) for RCC_APB1PeriphClockCmd
    i2c_slave.o(.text) refers to stm32l1xx_gpio.o(.text) for GPIO_PinAFConfig
    i2c_slave.o(.text) refers to misc.o(.text) for NVIC_Init
    i2c_slave.o(.text) refers to rt_memcpy_v6.o(.text) for __aeabi_memcpy
    i2c_slave.o(.text) refers to i2c_slave.o(.data) for IntFlg
    i2c_slave.o(.text) refers to i2c_slave.o(.bss) for m_u8RxBuff
    i2c_master.o(.text) refers to stm32l1xx_rcc.o(.text) for RCC_APB1PeriphClockCmd
    i2c_master.o(.text) refers to stm32l1xx_gpio.o(.text) for GPIO_PinAFConfig
    i2c_master.o(.text) refers to stm32l1xx_i2c.o(.text) for I2C_DeInit
    i2c_master.o(.text) refers to i2c_master.o(.data) for IsInited
    akm09916.o(.text) refers to i2c_master.o(.text) for i2c_master_write_register
    akm09916.o(.text) refers to delay.o(.text) for delay_ms
    akm09916.o(.text) refers to akm09916.o(.constdata) for .constdata
    bmp280.o(.text) refers to i2c_master.o(.text) for i2c_master_write_register
    bmp280.o(.text) refers to rt_memclr_w.o(.text) for __aeabi_memclr4
    bmp280.o(.text) refers to h1_alloc.o(.text) for malloc
    bmp280.o(.text) refers to delay.o(.text) for delay_ms
    bmp280.o(.text) refers to dflt_clz.o(x$fpl$dflt) for __aeabi_i2d
    bmp280.o(.text) refers to dflt_clz.o(x$fpl$dfltu) for __aeabi_ui2d
    bmp280.o(.text) refers to ddiv.o(x$fpl$ddiv) for __aeabi_ddiv
    bmp280.o(.text) refers to daddsub_clz.o(x$fpl$dsub) for __aeabi_dsub
    bmp280.o(.text) refers to dmul.o(x$fpl$dmul) for __aeabi_dmul
[...]
    !!!main                                  0x080000f4   Section        8  __main.o(!!!main)
    !!!scatter                               0x080000fc   Section       52  __scatter.o(!!!scatter)
    !!dczerorl2                              0x08000130   Section       90  __dczerorl2.o(!!dczerorl2)
    !!handler_zi                             0x0800018c   Section       28  __scatter_zi.o(!!handler_zi)
    .ARM.Collect$$libinit$$00000000          0x080001a8   Section        2  libinit.o(.ARM.Collect$$libinit$$00000000)
    .ARM.Collect$$libinit$$00000002          0x080001aa   Section        0  libinit2.o(.ARM.Collect$$libinit$$00000002)
    .ARM.Collect$$libinit$$00000003          0x080001aa   Section        8  libinit2.o(.ARM.Collect$$libinit$$00000003)
    .ARM.Collect$$libinit$$00000008          0x080001b2   Section        0  libinit2.o(.ARM.Collect$$libinit$$00000008)
    .ARM.Collect$$libinit$$0000000A          0x080001b2   Section        0  libinit2.o(.ARM.Collect$$libinit$$0000000A)
    .ARM.Collect$$libinit$$0000000C          0x080001b2   Section        0  libinit2.o(.ARM.Collect$$libinit$$0000000C)
    .ARM.Collect$$libinit$$0000000F          0x080001b2   Section        0  libinit2.o(.ARM.Collect$$libinit$$0000000F)
    .ARM.Collect$$libinit$$00000011          0x080001b2   Section        0  libinit2.o(.ARM.Collect$$libinit$$00000011)
    .ARM.Collect$$libinit$$00000013          0x080001b2   Section        0  libinit2.o(.ARM.Collect$$libinit$$00000013)
    .ARM.Collect$$libinit$$00000015          0x080001b2   Section        0  libinit2.o(.ARM.Collect$$libinit$$00000015)
    .ARM.Collect$$libinit$$00000017          0x080001b2   Section        0  libinit2.o(.ARM.Collect$$libinit$$00000017)
    .ARM.Collect$$libinit$$00000019          0x080001b2   Section        0  libinit2.o(.ARM.Collect$$libinit$$00000019)
    .ARM.Collect$$libinit$$0000001B          0x080001b2   Section        0  libinit2.o(.ARM.Collect$$libinit$$0000001B)
    .ARM.Collect$$libinit$$0000001D          0x080001b2   Section        0  libinit2.o(.ARM.Collect$$libinit$$0000001D)
    .ARM.Collect$$libinit$$0000001F          0x080001b2   Section        0  libinit2.o(.ARM.Collect$$libinit$$0000001F)
    .ARM.Collect$$libinit$$00000021          0x080001b2   Section        0  libinit2.o(.ARM.Collect$$libinit$$00000021)
    .ARM.Collect$$libinit$$00000023          0x080001b2   Section        0  libinit2.o(.ARM.Collect$$libinit$$00000023)
    .ARM.Collect$$libinit$$0000002A          0x080001b2   Section        0  libinit2.o(.ARM.Collect$$libinit$$0000002A)
    .ARM.Collect$$libinit$$0000002C          0x080001b2   Section        0  libinit2.o(.ARM.Collect$$libinit$$0000002C)
    .ARM.Collect$$libinit$$0000002E          0x080001b2   Section        0  libinit2.o(.ARM.Collect$$libinit$$0000002E)
    .ARM.Collect$$libinit$$00000030          0x080001b2   Section        0  libinit2.o(.ARM.Collect$$libinit$$00000030)
    .ARM.Collect$$libinit$$00000031          0x080001b2   Section        2  libinit2.o(.ARM.Collect$$libinit$$00000031)
    .ARM.Collect$$libshutdown$$00000000      0x080001b4   Section        2  libshutdown.o(.ARM.Collect$$libshutdown$$00000000)
    .ARM.Collect$$libshutdown$$00000003      0x080001b6   Section        0  libshutdown2.o(.ARM.Collect$$libshutdown$$00000003)
    .ARM.Collect$$libshutdown$$00000006      0x080001b6   Section        0  libshutdown2.o(.ARM.Collect$$libshutdown$$00000006)
    .ARM.Collect$$libshutdown$$00000009      0x080001b6   Section        0  libshutdown2.o(.ARM.Collect$$libshutdown$$00000009)
    .ARM.Collect$$libshutdown$$0000000B      0x080001b6   Section        0  libshutdown2.o(.ARM.Collect$$libshutdown$$0000000B)
    .ARM.Collect$$libshutdown$$0000000E      0x080001b6   Section        0  libshutdown2.o(.ARM.Collect$$libshutdown$$0000000E)
    .ARM.Collect$$libshutdown$$0000000F      0x080001b6   Section        2  libshutdown2.o(.ARM.Collect$$libshutdown$$0000000F)
    .ARM.Collect$$rtentry$$00000000          0x080001b8   Section        0  rtentry.o(.ARM.Collect$$rtentry$$00000000)
    .ARM.Collect$$rtentry$$00000002          0x080001b8   Section        0  rtentry2.o(.ARM.Collect$$rtentry$$00000002)
    .ARM.Collect$$rtentry$$00000004          0x080001b8   Section        6  rtentry4.o(.ARM.Collect$$rtentry$$00000004)
    .ARM.Collect$$rtentry$$00000009          0x080001be   Section        0  rtentry2.o(.ARM.Collect$$rtentry$$00000009)
    .ARM.Collect$$rtentry$$0000000A          0x080001be   Section        4  rtentry2.o(.ARM.Collect$$rtentry$$0000000A)
    .ARM.Collect$$rtentry$$0000000C          0x080001c2   Section        0  rtentry2.o(.ARM.Collect$$rtentry$$0000000C)
    .ARM.Collect$$rtentry$$0000000D          0x080001c2   Section        8  rtentry2.o(.ARM.Collect$$rtentry$$0000000D)
    .ARM.Collect$$rtexit$$00000000           0x080001ca   Section        2  rtexit.o(.ARM.Collect$$rtexit$$00000000)
    .ARM.Collect$$rtexit$$00000002           0x080001cc   Section        0  rtexit2.o(.ARM.Collect$$rtexit$$00000002)
    .ARM.Collect$$rtexit$$00000003           0x080001cc   Section        4  rtexit2.o(.ARM.Collect$$rtexit$$00000003)
    .ARM.Collect$$rtexit$$00000004           0x080001d0   Section        6  rtexit2.o(.ARM.Collect$$rtexit$$00000004)
    .emb_text                                0x080001d8   Section        0  maybetermalloc1.o(.emb_text)
    .text                                    0x080001d8   Section        0  misc.o(.text)
    .text                                    0x080002b4   Section        0  stm32l1xx_gpio.o(.text)
    .text                                    0x080004a0   Section        0  stm32l1xx_rcc.o(.text)
    .text                                    0x08000928   Section        0  stm32l1xx_syscfg.o(.text)
    .text                                    0x08000b90   Section        0  stm32l1xx_exti.o(.text)
    .text                                    0x08000cac   Section        0  stm32l1xx_i2c.o(.text)
    .text                                    0x08001090   Section        0  stm32l1xx_tim.o(.text)
    TI4_Config                               0x080015f5   Thumb Code    80  stm32l1xx_tim.o(.text)
    TI3_Config                               0x08001657   Thumb Code    72  stm32l1xx_tim.o(.text)
    TI2_Config                               0x080016b9   Thumb Code    80  stm32l1xx_tim.o(.text)
    TI1_Config                               0x0800171b   Thumb Code    58  stm32l1xx_tim.o(.text)
    .text                                    0x08001a70   Section        0  main.o(.text)
    .text                                    0x08001bb8   Section        0  system_stm32l1xx.o(.text)
    SetSysClockToHSI                         0x08001bb9   Thumb Code   204  system_stm32l1xx.o(.text)
    SetSysClock                              0x08001c85   Thumb Code     8  system_stm32l1xx.o(.text)
    .text                                    0x08001e30   Section       64  startup_stm32l1xx_md.o(.text)
    .text                                    0x08001e70   Section        0  i2c_slave.o(.text)
    I2CDRV_InitHardware                      0x08001f93   Thumb Code   110  i2c_slave.o(.text)
    I2CDRV_Config                            0x08002001   Thumb Code   144  i2c_slave.o(.text)
    .text                                    0x08002138   Section        0  i2c_master.o(.text)
    I2Cx_TIMEOUT_UserCallback                0x080021df   Thumb Code    94  i2c_master.o(.text)
    .text                                    0x08002770   Section        0  akm09916.o(.text)
    akm09916_i2c_write                       0x08002771   Thumb Code    22  akm09916.o(.text)
    akm09916_i2c_read                        0x08002787   Thumb Code    22  akm09916.o(.text)
    .text                                    0x080029a8   Section        0  bmp280.o(.text)
    bmp280_write_register                    0x080029a9   Thumb Code    22  bmp280.o(.text)
    bmp280_read_register                     0x080029bf   Thumb Code    22  bmp280.o(.text)
    .text                                    0x08003160   Section        0  delay.o(.text)
    setup_timer                              0x08003161   Thumb Code    48  delay.o(.text)
    start_timer                              0x08003191   Thumb Code    44  delay.o(.text)
    stop_timer                               0x080031bd   Thumb Code    20  delay.o(.text)
    internal_delay                           0x080031d1   Thumb Code    40  delay.o(.text)
    .text                                    0x0800326c   Section        0  ltr553.o(.text)
    ltr553_i2c_write                         0x0800326d   Thumb Code    22  ltr553.o(.text)
    ltr553_i2c_read                          0x08003283   Thumb Code    22  ltr553.o(.text)
    ltr553_ps_set_thres                      0x08003299   Thumb Code    80  ltr553.o(.text)
    .text                                    0x08003548   Section        0  gpio.o(.text)
    .text                                    0x08003610   Section        0  icm20608.o(.text)
    icm20608_i2c_write                       0x08003611   Thumb Code    28  icm20608.o(.text)
    icm20608_i2c_read                        0x0800362d   Thumb Code    28  icm20608.o(.text)
    set_int_enable                           0x08003649   Thumb Code    80  icm20608.o(.text)
    accel_20608_self_test                    0x08004bc5   Thumb Code   414  icm20608.o(.text)
    gyro_20608_self_test                     0x08004d63   Thumb Code   388  icm20608.o(.text)
    get_st_20608_biases                      0x08004ee7   Thumb Code  1210  icm20608.o(.text)
    .text                                    0x08005750   Section        0  h1_alloc.o(.text)
    .text                                    0x080057ae   Section       72  llsdiv.o(.text)
    .text                                    0x080057f6   Section      138  rt_memcpy_v6.o(.text)
    .text                                    0x08005880   Section       78  rt_memclr_w.o(.text)
    .text                                    0x080058ce   Section        0  heapauxi.o(.text)
    .text                                    0x080058d4   Section        8  rt_heap_descriptor_intlibspace.o(.text)
    .text                                    0x080058dc   Section        0  hguard.o(.text)
    .text                                    0x080058e0   Section        0  init_alloc.o(.text)
    .text                                    0x0800596a   Section        0  h1_init.o(.text)
    .text                                    0x08005978   Section        0  h1_free.o(.text)
    .text                                    0x080059c6   Section      238  lludivv7m.o(.text)
    .text                                    0x08005ab4   Section      100  rt_memcpy_w.o(.text)
    .text                                    0x08005b18   Section        8  libspace.o(.text)
    .text                                    0x08005b20   Section        0  h1_extend.o(.text)
    .text                                    0x08005b54   Section        0  defsig_rtmem_outer.o(.text)
    .text                                    0x08005b62   Section        2  use_no_semi.o(.text)
    .text                                    0x08005b64   Section       74  sys_stackheap_outer.o(.text)
    .text                                    0x08005b64   Section        0  indicate_semi.o(.text)
    .text                                    0x08005bae   Section        0  exit.o(.text)
    .text                                    0x08005bba   Section        0  defsig_exit.o(.text)
    .text                                    0x08005bc4   Section        0  defsig_rtmem_inner.o(.text)
    .text                                    0x08005c14   Section        0  sys_exit.o(.text)
    .text                                    0x08005c20   Section        0  defsig_general.o(.text)
    .text                                    0x08005c52   Section        0  sys_wrch.o(.text)
    x$fpl$d2f                                0x08005c60   Section       98  d2f.o(x$fpl$d2f)
    x$fpl$dadd                               0x08005cc4   Section      336  daddsub_clz.o(x$fpl$dadd)
    _dadd1                                   0x08005cd5   Thumb Code     0  daddsub_clz.o(x$fpl$dadd)
    x$fpl$dcmpinf                            0x08005e14   Section       24  dcmpi.o(x$fpl$dcmpinf)
    x$fpl$ddiv                               0x08005e2c   Section      688  ddiv.o(x$fpl$ddiv)
    ddiv_entry                               0x08005e33   Thumb Code     0  ddiv.o(x$fpl$ddiv)
    x$fpl$deqf                               0x080060dc   Section      120  deqf.o(x$fpl$deqf)
    x$fpl$dfix                               0x08006154   Section       94  dfix.o(x$fpl$dfix)
    x$fpl$dflt                               0x080061b2   Section       46  dflt_clz.o(x$fpl$dflt)
    x$fpl$dfltu                              0x080061e0   Section       38  dflt_clz.o(x$fpl$dfltu)
    x$fpl$dleqf                              0x08006208   Section      120  dleqf.o(x$fpl$dleqf)
    x$fpl$dmul                               0x08006280   Section      340  dmul.o(x$fpl$dmul)
    x$fpl$dnaninf                            0x080063d4   Section      156  dnaninf.o(x$fpl$dnaninf)
    x$fpl$dretinf                            0x08006470   Section       12  dretinf.o(x$fpl$dretinf)
    x$fpl$drleqf                             0x0800647c   Section      108  drleqf.o(x$fpl$drleqf)
    x$fpl$drsb                               0x080064e8   Section       22  daddsub_clz.o(x$fpl$drsb)
    x$fpl$dsub                               0x08006500   Section      468  daddsub_clz.o(x$fpl$dsub)
    _dsub1                                   0x08006511   Thumb Code     0  daddsub_clz.o(x$fpl$dsub)
    x$fpl$f2d                                0x080066d4   Section       86  f2d.o(x$fpl$f2d)
    x$fpl$fadd                               0x0800672c   Section      196  faddsub_clz.o(x$fpl$fadd)
    _fadd1                                   0x0800673b   Thumb Code     0  faddsub_clz.o(x$fpl$fadd)
    x$fpl$fcmpinf                            0x080067f0   Section       24  fcmpi.o(x$fpl$fcmpinf)
    x$fpl$fdiv                               0x08006808   Section      388  fdiv.o(x$fpl$fdiv)
    _fdiv1                                   0x08006809   Thumb Code     0  fdiv.o(x$fpl$fdiv)
    x$fpl$ffix                               0x0800698c   Section       54  ffix.o(x$fpl$ffix)
    x$fpl$fflt                               0x080069c4   Section       48  fflt_clz.o(x$fpl$fflt)
    x$fpl$ffltu                              0x080069f4   Section       38  fflt_clz.o(x$fpl$ffltu)
    x$fpl$fleqf                              0x08006a1c   Section      104  fleqf.o(x$fpl$fleqf)
    x$fpl$fmul                               0x08006a84   Section      258  fmul.o(x$fpl$fmul)
    x$fpl$fnaninf                            0x08006b86   Section      140  fnaninf.o(x$fpl$fnaninf)
    x$fpl$fretinf                            0x08006c12   Section       10  fretinf.o(x$fpl$fretinf)
    x$fpl$frleqf                             0x08006c1c   Section       98  frleqf.o(x$fpl$frleqf)
    x$fpl$fsub                               0x08006c80   Section      234  faddsub_clz.o(x$fpl$fsub)
    _fsub1                                   0x08006c8f   Thumb Code     0  faddsub_clz.o(x$fpl$fsub)
    x$fpl$usenofp                            0x08006d6a   Section        0  usenofp.o(x$fpl$usenofp)
    .constdata                               0x08006d6c   Section       14  akm09916.o(.constdata)
    .constdata                               0x08006d7a   Section      512  icm20608.o(.constdata)
    icm_20608_st_tb                          0x08006d7a   Data         512  icm20608.o(.constdata)
    .data                                    0x20000000   Section       25  stm32l1xx_rcc.o(.data)
    PLLMulTable                              0x20000000   Data           9  stm32l1xx_rcc.o(.data)
    APBAHBPrescTable                         0x20000009   Data          16  stm32l1xx_rcc.o(.data)
    .data                                    0x2000001c   Section       54  main.o(.data)
    .data                                    0x20000054   Section       36  system_stm32l1xx.o(.data)
    .data                                    0x20000078   Section       20  i2c_slave.o(.data)
    u8FirstInit                              0x20000080   Data           1  i2c_slave.o(.data)
    m_u32RxIndex                             0x20000084   Data           4  i2c_slave.o(.data)
    m_u32TxIndex                             0x20000088   Data           4  i2c_slave.o(.data)
    .data                                    0x2000008c   Section        1  i2c_master.o(.data)
    IsInited                                 0x2000008c   Data           1  i2c_master.o(.data)
    .data                                    0x20000090   Section        4  bmp280.o(.data)
    .data                                    0x20000094   Section        1  delay.o(.data)
    setup_done                               0x20000094   Data           1  delay.o(.data)
    .data                                    0x20000096   Section        5  ltr553.o(.data)
    ps_trigger_high                          0x20000096   Data           2  ltr553.o(.data)
    ps_trigger_low                           0x20000098   Data           2  ltr553.o(.data)
    als_gainrange                            0x2000009a   Data           1  ltr553.o(.data)
    .data                                    0x2000009b   Section        2  gpio.o(.data)
    .data                                    0x200000a0   Section      144  icm20608.o(.data)
    .bss                                     0x20000130   Section       30  main.o(.bss)
    .bss                                     0x2000014e   Section      256  i2c_slave.o(.bss)
    m_u8RxBuff                               0x2000014e   Data         128  i2c_slave.o(.bss)
    m_u8TxBuff                               0x200001ce   Data         128  i2c_slave.o(.bss)
    .bss                                     0x20000250   Section       96  libspace.o(.bss)
    HEAP                                     0x200002b0   Section      512  startup_stm32l1xx_md.o(HEAP)
    Heap_Mem                                 0x200002b0   Data         512  startup_stm32l1xx_md.o(HEAP)
    STACK                                    0x200004b0   Section     1024  startup_stm32l1xx_md.o(STACK)
    Stack_Mem                                0x200004b0   Data        1024  startup_stm32l1xx_md.o(STACK)
    __initial_sp                             0x200008b0   Data           0  startup_stm32l1xx_md.o(STACK)

    Global Symbols

    Symbol Name                              Value     Ov Type        Size  Object(Section)

    BuildAttributes$$THM_ISAv4$P$D$K$B$S$PE$A:L22UL41UL21$X:L11$S22US41US21$IEEE1$IW$USESV6$~STKCKD$USESV7$~SHL$OTIME$ROPI$EBA8$UX$STANDARDLIB$REQ8$PRES8$EABIv2 0x00000000   Number         0  anon$$obj.o ABSOLUTE
    __ARM_use_no_argv                        0x00000000   Number         0  main.o ABSOLUTE
    __ARM_exceptions_init                     - Undefined Weak Reference
    __alloca_initialize                       - Undefined Weak Reference
    __cpp_initialize__aeabi_                  - Undefined Weak Reference
    __cxa_finalize                            - Undefined Weak Reference
    __rt_locale                               - Undefined Weak Reference
    __sigvec_lookup                           - Undefined Weak Reference
    __user_heap_extent                        - Undefined Weak Reference
    _atexit_init                              - Undefined Weak Reference
    _call_atexit_fns                          - Undefined Weak Reference
    _clock_init                               - Undefined Weak Reference
    _fp_trap_init                             - Undefined Weak Reference
    _fp_trap_shutdown                         - Undefined Weak Reference
    _get_lc_collate                           - Undefined Weak Reference
    _get_lc_ctype                             - Undefined Weak Reference
    _get_lc_monetary                          - Undefined Weak Reference
    _get_lc_numeric                           - Undefined Weak Reference
    _get_lc_time                              - Undefined Weak Reference
    _getenv_init                              - Undefined Weak Reference
    _handle_redirection                       - Undefined Weak Reference
    _initio                                   - Undefined Weak Reference
    _mutex_acquire                            - Undefined Weak Reference
    _mutex_free                               - Undefined Weak Reference
    _mutex_release                            - Undefined Weak Reference
    _rand_init                                - Undefined Weak Reference
    _signal_finish                            - Undefined Weak Reference
    _signal_init                              - Undefined Weak Reference
    _terminateio                              - Undefined Weak Reference
    __Vectors_Size                           0x000000f4   Number         0  startup_stm32l1xx_md.o ABSOLUTE
    __Vectors                                0x08000000   Data           4  startup_stm32l1xx_md.o(RESET)
    __Vectors_End                            0x080000f4   Data           0  startup_stm32l1xx_md.o(RESET)
    __main                                   0x080000f5   Thumb Code     8  __main.o(!!!main)
    __scatterload                            0x080000fd   Thumb Code     0  __scatter.o(!!!scatter)
    __scatterload_rt2                        0x080000fd   Thumb Code    44  __scatter.o(!!!scatter)
    __scatterload_rt2_thumb_only             0x080000fd   Thumb Code     0  __scatter.o(!!!scatter)
    __scatterload_null                       0x0800010b   Thumb Code     0  __scatter.o(!!!scatter)
    __decompress                             0x08000131   Thumb Code    90  __dczerorl2.o(!!dczerorl2)
    __decompress1                            0x08000131   Thumb Code     0  __dczerorl2.o(!!dczerorl2)
    __scatterload_zeroinit                   0x0800018d   Thumb Code    28  __scatter_zi.o(!!handler_zi)
    __rt_lib_init                            0x080001a9   Thumb Code     0  libinit.o(.ARM.Collect$$libinit$$00000000)
    __rt_lib_init_fp_1                       0x080001ab   Thumb Code     0  libinit2.o(.ARM.Collect$$libinit$$00000002)
    __rt_lib_init_heap_2                     0x080001ab   Thumb Code     0  libinit2.o(.ARM.Collect$$libinit$$00000003)
    __rt_lib_init_alloca_1                   0x080001b3   Thumb Code     0  libinit2.o(.ARM.Collect$$libinit$$0000002C)
    __rt_lib_init_argv_1                     0x080001b3   Thumb Code     0  libinit2.o(.ARM.Collect$$libinit$$0000002A)
    __rt_lib_init_atexit_1                   0x080001b3   Thumb Code     0  libinit2.o(.ARM.Collect$$libinit$$00000019)
    __rt_lib_init_clock_1                    0x080001b3   Thumb Code     0  libinit2.o(.ARM.Collect$$libinit$$0000001F)
    __rt_lib_init_cpp_1                      0x080001b3   Thumb Code     0  libinit2.o(.ARM.Collect$$libinit$$00000030)
    __rt_lib_init_exceptions_1               0x080001b3   Thumb Code     0  libinit2.o(.ARM.Collect$$libinit$$0000002E)
    __rt_lib_init_fp_trap_1                  0x080001b3   Thumb Code     0  libinit2.o(.ARM.Collect$$libinit$$0000001D)
    __rt_lib_init_getenv_1                   0x080001b3   Thumb Code     0  libinit2.o(.ARM.Collect$$libinit$$00000021)
    __rt_lib_init_heap_1                     0x080001b3   Thumb Code     0  libinit2.o(.ARM.Collect$$libinit$$00000008)
    __rt_lib_init_lc_collate_1               0x080001b3   Thumb Code     0  libinit2.o(.ARM.Collect$$libinit$$0000000F)
    __rt_lib_init_lc_ctype_1                 0x080001b3   Thumb Code     0  libinit2.o(.ARM.Collect$$libinit$$00000011)
    __rt_lib_init_lc_monetary_1              0x080001b3   Thumb Code     0  libinit2.o(.ARM.Collect$$libinit$$00000013)
    __rt_lib_init_lc_numeric_1               0x080001b3   Thumb Code     0  libinit2.o(.ARM.Collect$$libinit$$00000015)
    __rt_lib_init_lc_time_1                  0x080001b3   Thumb Code     0  libinit2.o(.ARM.Collect$$libinit$$00000017)
    __rt_lib_init_rand_1                     0x080001b3   Thumb Code     0  libinit2.o(.ARM.Collect$$libinit$$0000000C)
    __rt_lib_init_return                     0x080001b3   Thumb Code     0  libinit2.o(.ARM.Collect$$libinit$$00000031)
    __rt_lib_init_signal_1                   0x080001b3   Thumb Code     0  libinit2.o(.ARM.Collect$$libinit$$0000001B)
    __rt_lib_init_stdio_1                    0x080001b3   Thumb Code     0  libinit2.o(.ARM.Collect$$libinit$$00000023)
    __rt_lib_init_user_alloc_1               0x080001b3   Thumb Code     0  libinit2.o(.ARM.Collect$$libinit$$0000000A)
    __rt_lib_shutdown                        0x080001b5   Thumb Code     0  libshutdown.o(.ARM.Collect$$libshutdown$$00000000)
    __rt_lib_shutdown_fp_trap_1              0x080001b7   Thumb Code     0  libshutdown2.o(.ARM.Collect$$libshutdown$$00000006)
    __rt_lib_shutdown_heap_1                 0x080001b7   Thumb Code     0  libshutdown2.o(.ARM.Collect$$libshutdown$$0000000E)
    __rt_lib_shutdown_return                 0x080001b7   Thumb Code     0  libshutdown2.o(.ARM.Collect$$libshutdown$$0000000F)
    __rt_lib_shutdown_signal_1               0x080001b7   Thumb Code     0  libshutdown2.o(.ARM.Collect$$libshutdown$$00000009)
    __rt_lib_shutdown_stdio_1                0x080001b7   Thumb Code     0  libshutdown2.o(.ARM.Collect$$libshutdown$$00000003)
    __rt_lib_shutdown_user_alloc_1           0x080001b7   Thumb Code     0  libshutdown2.o(.ARM.Collect$$libshutdown$$0000000B)
    __rt_entry                               0x080001b9   Thumb Code     0  rtentry.o(.ARM.Collect$$rtentry$$00000000)
    __rt_entry_presh_1                       0x080001b9   Thumb Code     0  rtentry2.o(.ARM.Collect$$rtentry$$00000002)
    __rt_entry_sh                            0x080001b9   Thumb Code     0  rtentry4.o(.ARM.Collect$$rtentry$$00000004)
    __rt_entry_li                            0x080001bf   Thumb Code     0  rtentry2.o(.ARM.Collect$$rtentry$$0000000A)
    __rt_entry_postsh_1                      0x080001bf   Thumb Code     0  rtentry2.o(.ARM.Collect$$rtentry$$00000009)
    __rt_entry_main                          0x080001c3   Thumb Code     0  rtentry2.o(.ARM.Collect$$rtentry$$0000000D)
    __rt_entry_postli_1                      0x080001c3   Thumb Code     0  rtentry2.o(.ARM.Collect$$rtentry$$0000000C)
    __rt_exit                                0x080001cb   Thumb Code     0  rtexit.o(.ARM.Collect$$rtexit$$00000000)
    __rt_exit_ls                             0x080001cd   Thumb Code     0  rtexit2.o(.ARM.Collect$$rtexit$$00000003)
    __rt_exit_prels_1                        0x080001cd   Thumb Code     0  rtexit2.o(.ARM.Collect$$rtexit$$00000002)
    __rt_exit_exit                           0x080001d1   Thumb Code     0  rtexit2.o(.ARM.Collect$$rtexit$$00000004)
    NVIC_PriorityGroupConfig                 0x080001d9   Thumb Code    10  misc.o(.text)
    _maybe_terminate_alloc                   0x080001d9   Thumb Code     0  maybetermalloc1.o(.emb_text)
    NVIC_Init                                0x080001e3   Thumb Code   102  misc.o(.text)
    NVIC_SetVectorTable                      0x08000249   Thumb Code    14  misc.o(.text)
    NVIC_SystemLPConfig                      0x08000257   Thumb Code    34  misc.o(.text)
    SysTick_CLKSourceConfig                  0x08000279   Thumb Code    40  misc.o(.text)
    GPIO_DeInit                              0x080002b5   Thumb Code   148  stm32l1xx_gpio.o(.text)
    GPIO_Init                                0x08000349   Thumb Code   144  stm32l1xx_gpio.o(.text)
    GPIO_StructInit                          0x080003d9   Thumb Code    18  stm32l1xx_gpio.o(.text)
    GPIO_PinLockConfig                       0x080003eb   Thumb Code    18  stm32l1xx_gpio.o(.text)
    GPIO_ReadInputDataBit                    0x080003fd   Thumb Code    18  stm32l1xx_gpio.o(.text)
    GPIO_ReadInputData                       0x0800040f   Thumb Code     6  stm32l1xx_gpio.o(.text)
    GPIO_ReadOutputDataBit                   0x08000415   Thumb Code    18  stm32l1xx_gpio.o(.text)
    GPIO_ReadOutputData                      0x08000427   Thumb Code     6  stm32l1xx_gpio.o(.text)
    GPIO_SetBits                             0x0800042d   Thumb Code     4  stm32l1xx_gpio.o(.text)
    GPIO_ResetBits                           0x08000431   Thumb Code     4  stm32l1xx_gpio.o(.text)
    GPIO_WriteBit                            0x08000435   Thumb Code    10  stm32l1xx_gpio.o(.text)
    GPIO_Write                               0x0800043f   Thumb Code     4  stm32l1xx_gpio.o(.text)
    GPIO_PinAFConfig                         0x08000443   Thumb Code    70  stm32l1xx_gpio.o(.text)
    RCC_DeInit                               0x080004a1   Thumb Code    74  stm32l1xx_rcc.o(.text)
    RCC_HSEConfig                            0x080004eb   Thumb Code    14  stm32l1xx_rcc.o(.text)
    RCC_GetFlagStatus                        0x080004f9   Thumb Code    48  stm32l1xx_rcc.o(.text)
    RCC_WaitForHSEStartUp                    0x08000529   Thumb Code    56  stm32l1xx_rcc.o(.text)
    RCC_AdjustMSICalibrationValue            0x08000561   Thumb Code     8  stm32l1xx_rcc.o(.text)
    RCC_MSIRangeConfig                       0x08000569   Thumb Code    20  stm32l1xx_rcc.o(.text)
    RCC_MSICmd                               0x0800057d   Thumb Code     6  stm32l1xx_rcc.o(.text)
    RCC_AdjustHSICalibrationValue            0x08000583   Thumb Code    22  stm32l1xx_rcc.o(.text)
    RCC_HSICmd                               0x08000599   Thumb Code     6  stm32l1xx_rcc.o(.text)
    RCC_LSEConfig                            0x0800059f   Thumb Code    14  stm32l1xx_rcc.o(.text)
    RCC_LSICmd                               0x080005ad   Thumb Code     6  stm32l1xx_rcc.o(.text)
    RCC_PLLConfig                            0x080005b3   Thumb Code    16  stm32l1xx_rcc.o(.text)
    RCC_PLLCmd                               0x080005c3   Thumb Code     6  stm32l1xx_rcc.o(.text)
    RCC_ClockSecuritySystemCmd               0x080005c9   Thumb Code     6  stm32l1xx_rcc.o(.text)
    RCC_MCOConfig                            0x080005cf   Thumb Code    12  stm32l1xx_rcc.o(.text)
    RCC_SYSCLKConfig                         0x080005db   Thumb Code    20  stm32l1xx_rcc.o(.text)
    RCC_GetSYSCLKSource                      0x080005ef   Thumb Code    12  stm32l1xx_rcc.o(.text)
    RCC_HCLKConfig                           0x080005fb   Thumb Code    20  stm32l1xx_rcc.o(.text)
    RCC_PCLK1Config                          0x0800060f   Thumb Code    20  stm32l1xx_rcc.o(.text)
    RCC_PCLK2Config                          0x08000623   Thumb Code    22  stm32l1xx_rcc.o(.text)
    RCC_GetClocksFreq                        0x08000639   Thumb Code   248  stm32l1xx_rcc.o(.text)
    RCC_RTCCLKConfig                         0x08000731   Thumb Code    64  stm32l1xx_rcc.o(.text)
    RCC_RTCCLKCmd                            0x08000771   Thumb Code     8  stm32l1xx_rcc.o(.text)
    RCC_RTCResetCmd                          0x08000779   Thumb Code     8  stm32l1xx_rcc.o(.text)
    RCC_AHBPeriphClockCmd                    0x08000781   Thumb Code    34  stm32l1xx_rcc.o(.text)
    RCC_APB2PeriphClockCmd                   0x080007a3   Thumb Code    34  stm32l1xx_rcc.o(.text)
    RCC_APB1PeriphClockCmd                   0x080007c5   Thumb Code    34  stm32l1xx_rcc.o(.text)
    RCC_AHBPeriphResetCmd                    0x080007e7   Thumb Code    34  stm32l1xx_rcc.o(.text)
    RCC_APB2PeriphResetCmd                   0x08000809   Thumb Code    34  stm32l1xx_rcc.o(.text)
    RCC_APB1PeriphResetCmd                   0x0800082b   Thumb Code    34  stm32l1xx_rcc.o(.text)
    RCC_AHBPeriphClockLPModeCmd              0x0800084d   Thumb Code    34  stm32l1xx_rcc.o(.text)
    RCC_APB2PeriphClockLPModeCmd             0x0800086f   Thumb Code    66  stm32l1xx_rcc.o(.text)
    RCC_APB1PeriphClockLPModeCmd             0x080008b1   Thumb Code    34  stm32l1xx_rcc.o(.text)
    RCC_ITConfig                             0x080008d3   Thumb Code    34  stm32l1xx_rcc.o(.text)
    RCC_ClearFlag                            0x080008f5   Thumb Code    18  stm32l1xx_rcc.o(.text)
    RCC_GetITStatus                          0x08000907   Thumb Code    22  stm32l1xx_rcc.o(.text)
    RCC_ClearITPendingBit                    0x0800091d   Thumb Code     8  stm32l1xx_rcc.o(.text)
    SYSCFG_DeInit                            0x08000929   Thumb Code    20  stm32l1xx_syscfg.o(.text)
    SYSCFG_RIDeInit                          0x0800093d   Thumb Code    28  stm32l1xx_syscfg.o(.text)
    SYSCFG_MemoryRemapConfig                 0x08000959   Thumb Code     6  stm32l1xx_syscfg.o(.text)
    SYSCFG_USBPuCmd                          0x0800095f   Thumb Code    30  stm32l1xx_syscfg.o(.text)
    SYSCFG_EXTILineConfig                    0x0800097d   Thumb Code    66  stm32l1xx_syscfg.o(.text)
    SYSCFG_RITIMSelect                       0x080009bf   Thumb Code    18  stm32l1xx_syscfg.o(.text)
    SYSCFG_RITIMInputCaptureConfig           0x080009d1   Thumb Code    86  stm32l1xx_syscfg.o(.text)
    SYSCFG_RIResistorConfig                  0x08000a27   Thumb Code    34  stm32l1xx_syscfg.o(.text)
    SYSCFG_RIIOSwitchConfig                  0x08000a49   Thumb Code    80  stm32l1xx_syscfg.o(.text)
    SYSCFG_RISwitchControlModeCmd            0x08000a99   Thumb Code    38  stm32l1xx_syscfg.o(.text)
    SYSCFG_RIHysteresisConfig                0x08000abf   Thumb Code   200  stm32l1xx_syscfg.o(.text)
    EXTI_DeInit                              0x08000b91   Thumb Code    28  stm32l1xx_exti.o(.text)
    EXTI_Init                                0x08000bad   Thumb Code   142  stm32l1xx_exti.o(.text)
    EXTI_StructInit                          0x08000c3b   Thumb Code    16  stm32l1xx_exti.o(.text)
    EXTI_GenerateSWInterrupt                 0x08000c4b   Thumb Code    16  stm32l1xx_exti.o(.text)
    EXTI_GetFlagStatus                       0x08000c5b   Thumb Code    22  stm32l1xx_exti.o(.text)
    EXTI_ClearFlag                           0x08000c71   Thumb Code     8  stm32l1xx_exti.o(.text)
    EXTI_GetITStatus                         0x08000c79   Thumb Code    34  stm32l1xx_exti.o(.text)
    EXTI_ClearITPendingBit                   0x08000c9b   Thumb Code     8  stm32l1xx_exti.o(.text)
    I2C_DeInit                               0x08000cad   Thumb Code    50  stm32l1xx_i2c.o(.text)
    I2C_Init                                 0x08000cdf   Thumb Code   218  stm32l1xx_i2c.o(.text)
    I2C_StructInit                           0x08000db9   Thumb Code    30  stm32l1xx_i2c.o(.text)
    I2C_Cmd                                  0x08000dd7   Thumb Code    24  stm32l1xx_i2c.o(.text)
    I2C_GenerateSTART                        0x08000def   Thumb Code    24  stm32l1xx_i2c.o(.text)
    I2C_GenerateSTOP                         0x08000e07   Thumb Code    24  stm32l1xx_i2c.o(.text)
    I2C_AcknowledgeConfig                    0x08000e1f   Thumb Code    24  stm32l1xx_i2c.o(.text)
    I2C_OwnAddress2Config                    0x08000e37   Thumb Code    22  stm32l1xx_i2c.o(.text)
    I2C_DualAddressCmd                       0x08000e4d   Thumb Code    24  stm32l1xx_i2c.o(.text)
    I2C_GeneralCallCmd                       0x08000e65   Thumb Code    24  stm32l1xx_i2c.o(.text)
    I2C_SoftwareResetCmd                     0x08000e7d   Thumb Code    22  stm32l1xx_i2c.o(.text)
    I2C_SMBusAlertConfig                     0x08000e93   Thumb Code    28  stm32l1xx_i2c.o(.text)
    I2C_ARPCmd                               0x08000eaf   Thumb Code    24  stm32l1xx_i2c.o(.text)
    I2C_StretchClockCmd                      0x08000ec7   Thumb Code    24  stm32l1xx_i2c.o(.text)
    I2C_FastModeDutyCycleConfig              0x08000edf   Thumb Code    28  stm32l1xx_i2c.o(.text)
    I2C_Send7bitAddress                      0x08000efb   Thumb Code    16  stm32l1xx_i2c.o(.text)
    I2C_SendData                             0x08000f0b   Thumb Code     4  stm32l1xx_i2c.o(.text)
    I2C_ReceiveData                          0x08000f0f   Thumb Code     8  stm32l1xx_i2c.o(.text)
    I2C_TransmitPEC                          0x08000f17   Thumb Code    24  stm32l1xx_i2c.o(.text)
    I2C_PECPositionConfig                    0x08000f2f   Thumb Code    28  stm32l1xx_i2c.o(.text)
    I2C_CalculatePEC                         0x08000f4b   Thumb Code    24  stm32l1xx_i2c.o(.text)
    I2C_GetPEC                               0x08000f63   Thumb Code     8  stm32l1xx_i2c.o(.text)
    I2C_DMACmd                               0x08000f6b   Thumb Code    24  stm32l1xx_i2c.o(.text)
    I2C_DMALastTransferCmd                   0x08000f83   Thumb Code    24  stm32l1xx_i2c.o(.text)
    I2C_ReadRegister                         0x08000f9b   Thumb Code    22  stm32l1xx_i2c.o(.text)
    I2C_ITConfig                             0x08000fb1   Thumb Code    18  stm32l1xx_i2c.o(.text)
    I2C_CheckEvent                           0x08000fc3   Thumb Code    42  stm32l1xx_i2c.o(.text)
    I2C_GetLastEvent                         0x08000fed   Thumb Code    26  stm32l1xx_i2c.o(.text)
    I2C_GetFlagStatus                        0x08001007   Thumb Code    58  stm32l1xx_i2c.o(.text)
    I2C_ClearFlag                            0x08001041   Thumb Code    12  stm32l1xx_i2c.o(.text)
    I2C_GetITStatus                          0x0800104d   Thumb Code    38  stm32l1xx_i2c.o(.text)
    I2C_ClearITPendingBit                    0x08001073   Thumb Code    12  stm32l1xx_i2c.o(.text)
    TIM_DeInit                               0x08001091   Thumb Code   196  stm32l1xx_tim.o(.text)
    TIM_TimeBaseInit                         0x08001155   Thumb Code    70  stm32l1xx_tim.o(.text)
    TIM_TimeBaseStructInit                   0x0800119b   Thumb Code    16  stm32l1xx_tim.o(.text)
    TIM_PrescalerConfig                      0x080011ab   Thumb Code     6  stm32l1xx_tim.o(.text)
    TIM_CounterModeConfig                    0x080011b1   Thumb Code    18  stm32l1xx_tim.o(.text)
    TIM_SetCounter                           0x080011c3   Thumb Code     4  stm32l1xx_tim.o(.text)
    TIM_SetAutoreload                        0x080011c7   Thumb Code     4  stm32l1xx_tim.o(.text)
    TIM_GetCounter                           0x080011cb   Thumb Code     6  stm32l1xx_tim.o(.text)
    TIM_GetPrescaler                         0x080011d1   Thumb Code     6  stm32l1xx_tim.o(.text)
    TIM_UpdateDisableConfig                  0x080011d7   Thumb Code    24  stm32l1xx_tim.o(.text)
    TIM_UpdateRequestConfig                  0x080011ef   Thumb Code    24  stm32l1xx_tim.o(.text)
    TIM_ARRPreloadConfig                     0x08001207   Thumb Code    24  stm32l1xx_tim.o(.text)
    TIM_SelectOnePulseMode                   0x0800121f   Thumb Code    18  stm32l1xx_tim.o(.text)
    TIM_SetClockDivision                     0x08001231   Thumb Code    18  stm32l1xx_tim.o(.text)
    TIM_Cmd                                  0x08001243   Thumb Code    24  stm32l1xx_tim.o(.text)
    TIM_OC1Init                              0x0800125b   Thumb Code    56  stm32l1xx_tim.o(.text)
    TIM_OC2Init                              0x08001293   Thumb Code    70  stm32l1xx_tim.o(.text)
    TIM_OC3Init                              0x080012d9   Thumb Code    66  stm32l1xx_tim.o(.text)
    TIM_OC4Init                              0x0800131b   Thumb Code    72  stm32l1xx_tim.o(.text)
    TIM_OCStructInit                         0x08001363   Thumb Code    12  stm32l1xx_tim.o(.text)
    TIM_SelectOCxM                           0x0800136f   Thumb Code    82  stm32l1xx_tim.o(.text)
    TIM_SetCompare1                          0x080013c1   Thumb Code     4  stm32l1xx_tim.o(.text)
    TIM_SetCompare2                          0x080013c5   Thumb Code     4  stm32l1xx_tim.o(.text)
    TIM_SetCompare3                          0x080013c9   Thumb Code     4  stm32l1xx_tim.o(.text)
    TIM_SetCompare4                          0x080013cd   Thumb Code     6  stm32l1xx_tim.o(.text)
    TIM_ForcedOC1Config                      0x080013d3   Thumb Code    18  stm32l1xx_tim.o(.text)
    TIM_ForcedOC2Config                      0x080013e5   Thumb Code    26  stm32l1xx_tim.o(.text)
    TIM_ForcedOC3Config                      0x080013ff   Thumb Code    18  stm32l1xx_tim.o(.text)
    TIM_ForcedOC4Config                      0x08001411   Thumb Code    26  stm32l1xx_tim.o(.text)
    TIM_OC1PreloadConfig                     0x0800142b   Thumb Code    18  stm32l1xx_tim.o(.text)
    TIM_OC2PreloadConfig                     0x0800143d   Thumb Code    26  stm32l1xx_tim.o(.text)
    TIM_OC3PreloadConfig                     0x08001457   Thumb Code    18  stm32l1xx_tim.o(.text)
    TIM_OC4PreloadConfig                     0x08001469   Thumb Code    26  stm32l1xx_tim.o(.text)
    TIM_OC1FastConfig                        0x08001483   Thumb Code    46  stm32l1xx_tim.o(.text)
    TIM_OC2FastConfig                        0x080014b1   Thumb Code    26  stm32l1xx_tim.o(.text)
    TIM_OC3FastConfig                        0x080014cb   Thumb Code    18  stm32l1xx_tim.o(.text)
    TIM_OC4FastConfig                        0x080014dd   Thumb Code    26  stm32l1xx_tim.o(.text)
    TIM_ClearOC1Ref                          0x080014f7   Thumb Code    18  stm32l1xx_tim.o(.text)
    TIM_ClearOC2Ref                          0x08001509   Thumb Code    24  stm32l1xx_tim.o(.text)
    TIM_ClearOC3Ref                          0x08001521   Thumb Code    18  stm32l1xx_tim.o(.text)
    TIM_ClearOC4Ref                          0x08001533   Thumb Code    24  stm32l1xx_tim.o(.text)
    TIM_OC1PolarityConfig                    0x0800154b   Thumb Code    18  stm32l1xx_tim.o(.text)
    TIM_OC2PolarityConfig                    0x0800155d   Thumb Code    26  stm32l1xx_tim.o(.text)
    TIM_OC3PolarityConfig                    0x08001577   Thumb Code    26  stm32l1xx_tim.o(.text)
    TIM_OC4PolarityConfig                    0x08001591   Thumb Code    26  stm32l1xx_tim.o(.text)
    TIM_SelectOCREFClear                     0x080015ab   Thumb Code    18  stm32l1xx_tim.o(.text)
    TIM_CCxCmd                               0x080015bd   Thumb Code    30  stm32l1xx_tim.o(.text)
    TIM_SetIC4Prescaler                      0x080015db   Thumb Code    26  stm32l1xx_tim.o(.text)
    TIM_SetIC3Prescaler                      0x08001645   Thumb Code    18  stm32l1xx_tim.o(.text)
    TIM_SetIC2Prescaler                      0x0800169f   Thumb Code    26  stm32l1xx_tim.o(.text)
    TIM_SetIC1Prescaler                      0x08001709   Thumb Code    18  stm32l1xx_tim.o(.text)
    TIM_ICInit                               0x08001755   Thumb Code   110  stm32l1xx_tim.o(.text)
    TIM_ICStructInit                         0x080017c3   Thumb Code    18  stm32l1xx_tim.o(.text)
    TIM_PWMIConfig                           0x080017d5   Thumb Code   124  stm32l1xx_tim.o(.text)
    TIM_GetCapture1                          0x08001851   Thumb Code     6  stm32l1xx_tim.o(.text)
    TIM_GetCapture2                          0x08001857   Thumb Code     6  stm32l1xx_tim.o(.text)
    TIM_GetCapture3                          0x0800185d   Thumb Code     6  stm32l1xx_tim.o(.text)
    TIM_GetCapture4                          0x08001863   Thumb Code     8  stm32l1xx_tim.o(.text)
    TIM_ITConfig                             0x0800186b   Thumb Code    18  stm32l1xx_tim.o(.text)
    TIM_GenerateEvent                        0x0800187d   Thumb Code     4  stm32l1xx_tim.o(.text)
    TIM_GetFlagStatus                        0x08001881   Thumb Code    18  stm32l1xx_tim.o(.text)
    TIM_ClearFlag                            0x08001893   Thumb Code     6  stm32l1xx_tim.o(.text)
    TIM_GetITStatus                          0x08001899   Thumb Code    34  stm32l1xx_tim.o(.text)
    TIM_ClearITPendingBit                    0x080018bb   Thumb Code     6  stm32l1xx_tim.o(.text)
    TIM_DMAConfig                            0x080018c1   Thumb Code    10  stm32l1xx_tim.o(.text)
    TIM_DMACmd                               0x080018cb   Thumb Code    18  stm32l1xx_tim.o(.text)
    TIM_SelectCCDMA                          0x080018dd   Thumb Code    24  stm32l1xx_tim.o(.text)
    TIM_InternalClockConfig                  0x080018f5   Thumb Code    12  stm32l1xx_tim.o(.text)
    TIM_SelectInputTrigger                   0x08001901   Thumb Code    18  stm32l1xx_tim.o(.text)
    TIM_ITRxExternalClockConfig              0x08001913   Thumb Code    24  stm32l1xx_tim.o(.text)
    TIM_TIxExternalClockConfig               0x0800192b   Thumb Code    62  stm32l1xx_tim.o(.text)
    TIM_ETRConfig                            0x08001969   Thumb Code    28  stm32l1xx_tim.o(.text)
    TIM_ETRClockMode1Config                  0x08001985   Thumb Code    54  stm32l1xx_tim.o(.text)
    TIM_ETRClockMode2Config                  0x080019bb   Thumb Code    32  stm32l1xx_tim.o(.text)
    TIM_SelectOutputTrigger                  0x080019db   Thumb Code    18  stm32l1xx_tim.o(.text)
    TIM_SelectSlaveMode                      0x080019ed   Thumb Code    18  stm32l1xx_tim.o(.text)
    TIM_SelectMasterSlaveMode                0x080019ff   Thumb Code    18  stm32l1xx_tim.o(.text)
    TIM_EncoderInterfaceConfig               0x08001a11   Thumb Code    66  stm32l1xx_tim.o(.text)
    TIM_SelectHallSensor                     0x08001a53   Thumb Code    24  stm32l1xx_tim.o(.text)
    TIM_RemapConfig                          0x08001a6b   Thumb Code     6  stm32l1xx_tim.o(.text)
    main                                     0x08001a71   Thumb Code   288  main.o(.text)
    Delay                                    0x08001b91   Thumb Code    10  main.o(.text)
    SystemInit                               0x08001c8d   Thumb Code   152  system_stm32l1xx.o(.text)
    SystemCoreClockUpdate                    0x08001d25   Thumb Code   220  system_stm32l1xx.o(.text)
    Reset_Handler                            0x08001e31   Thumb Code     8  startup_stm32l1xx_md.o(.text)
    NMI_Handler                              0x08001e39   Thumb Code     2  startup_stm32l1xx_md.o(.text)
    HardFault_Handler                        0x08001e3b   Thumb Code     2  startup_stm32l1xx_md.o(.text)
    MemManage_Handler                        0x08001e3d   Thumb Code     2  startup_stm32l1xx_md.o(.text)
    BusFault_Handler                         0x08001e3f   Thumb Code     2  startup_stm32l1xx_md.o(.text)
    UsageFault_Handler                       0x08001e41   Thumb Code     2  startup_stm32l1xx_md.o(.text)
    SVC_Handler                              0x08001e43   Thumb Code     2  startup_stm32l1xx_md.o(.text)
    DebugMon_Handler                         0x08001e45   Thumb Code     2  startup_stm32l1xx_md.o(.text)
    PendSV_Handler                           0x08001e47   Thumb Code     2  startup_stm32l1xx_md.o(.text)
    SysTick_Handler                          0x08001e49   Thumb Code     2  startup_stm32l1xx_md.o(.text)
    ADC1_IRQHandler                          0x08001e4b   Thumb Code     0  startup_stm32l1xx_md.o(.text)
    COMP_IRQHandler                          0x08001e4b   Thumb Code     0  startup_stm32l1xx_md.o(.text)
    DAC_IRQHandler                           0x08001e4b   Thumb Code     0  startup_stm32l1xx_md.o(.text)
    DMA1_Channel1_IRQHandler                 0x08001e4b   Thumb Code     0  startup_stm32l1xx_md.o(.text)
    DMA1_Channel2_IRQHandler                 0x08001e4b   Thumb Code     0  startup_stm32l1xx_md.o(.text)
    DMA1_Channel3_IRQHandler                 0x08001e4b   Thumb Code     0  startup_stm32l1xx_md.o(.text)
    DMA1_Channel4_IRQHandler                 0x08001e4b   Thumb Code     0  startup_stm32l1xx_md.o(.text)
    DMA1_Channel5_IRQHandler                 0x08001e4b   Thumb Code     0  startup_stm32l1xx_md.o(.text)
    DMA1_Channel6_IRQHandler                 0x08001e4b   Thumb Code     0  startup_stm32l1xx_md.o(.text)
    DMA1_Channel7_IRQHandler                 0x08001e4b   Thumb Code     0  startup_stm32l1xx_md.o(.text)
    EXTI0_IRQHandler                         0x08001e4b   Thumb Code     0  startup_stm32l1xx_md.o(.text)
    EXTI1_IRQHandler                         0x08001e4b   Thumb Code     0  startup_stm32l1xx_md.o(.text)
    EXTI2_IRQHandler                         0x08001e4b   Thumb Code     0  startup_stm32l1xx_md.o(.text)
    EXTI3_IRQHandler                         0x08001e4b   Thumb Code     0  startup_stm32l1xx_md.o(.text)
    EXTI4_IRQHandler                         0x08001e4b   Thumb Code     0  startup_stm32l1xx_md.o(.text)
    EXTI9_5_IRQHandler                       0x08001e4b   Thumb Code     0  startup_stm32l1xx_md.o(.text)
    FLASH_IRQHandler                         0x08001e4b   Thumb Code     0  startup_stm32l1xx_md.o(.text)
    I2C1_ER_IRQHandler                       0x08001e4b   Thumb Code     0  startup_stm32l1xx_md.o(.text)
    I2C1_EV_IRQHandler                       0x08001e4b   Thumb Code     0  startup_stm32l1xx_md.o(.text)
    LCD_IRQHandler                           0x08001e4b   Thumb Code     0  startup_stm32l1xx_md.o(.text)
    PVD_IRQHandler                           0x08001e4b   Thumb Code     0  startup_stm32l1xx_md.o(.text)
    RCC_IRQHandler                           0x08001e4b   Thumb Code     0  startup_stm32l1xx_md.o(.text)
    RTC_Alarm_IRQHandler                     0x08001e4b   Thumb Code     0  startup_stm32l1xx_md.o(.text)
    RTC_WKUP_IRQHandler                      0x08001e4b   Thumb Code     0  startup_stm32l1xx_md.o(.text)
    SPI1_IRQHandler                          0x08001e4b   Thumb Code     0  startup_stm32l1xx_md.o(.text)
    SPI2_IRQHandler                          0x08001e4b   Thumb Code     0  startup_stm32l1xx_md.o(.text)
    TAMPER_STAMP_IRQHandler                  0x08001e4b   Thumb Code     0  startup_stm32l1xx_md.o(.text)
    TIM10_IRQHandler                         0x08001e4b   Thumb Code     0  startup_stm32l1xx_md.o(.text)
    TIM11_IRQHandler                         0x08001e4b   Thumb Code     0  startup_stm32l1xx_md.o(.text)
    TIM2_IRQHandler                          0x08001e4b   Thumb Code     0  startup_stm32l1xx_md.o(.text)
    TIM3_IRQHandler                          0x08001e4b   Thumb Code     0  startup_stm32l1xx_md.o(.text)
    TIM4_IRQHandler                          0x08001e4b   Thumb Code     0  startup_stm32l1xx_md.o(.text)
    TIM6_IRQHandler                          0x08001e4b   Thumb Code     0  startup_stm32l1xx_md.o(.text)
    TIM7_IRQHandler                          0x08001e4b   Thumb Code     0  startup_stm32l1xx_md.o(.text)
    TIM9_IRQHandler                          0x08001e4b   Thumb Code     0  startup_stm32l1xx_md.o(.text)
    USART1_IRQHandler                        0x08001e4b   Thumb Code     0  startup_stm32l1xx_md.o(.text)
    USART2_IRQHandler                        0x08001e4b   Thumb Code     0  startup_stm32l1xx_md.o(.text)
    USART3_IRQHandler                        0x08001e4b   Thumb Code     0  startup_stm32l1xx_md.o(.text)
    USB_FS_WKUP_IRQHandler                   0x08001e4b   Thumb Code     0  startup_stm32l1xx_md.o(.text)
    USB_HP_IRQHandler                        0x08001e4b   Thumb Code     0  startup_stm32l1xx_md.o(.text)
    USB_LP_IRQHandler                        0x08001e4b   Thumb Code     0  startup_stm32l1xx_md.o(.text)
    WWDG_IRQHandler                          0x08001e4b   Thumb Code     0  startup_stm32l1xx_md.o(.text)
    __user_initial_stackheap                 0x08001e4d   Thumb Code     0  startup_stm32l1xx_md.o(.text)
    I2C2_EV_IRQHandler                       0x08001e71   Thumb Code   250  i2c_slave.o(.text)
    I2C2_ER_IRQHandler                       0x08001f6b   Thumb Code    40  i2c_slave.o(.text)
    I2CDRV_Init                              0x08002091   Thumb Code    44  i2c_slave.o(.text)
    I2CDRV_SLAVE_SendData                    0x080020bd   Thumb Code    32  i2c_slave.o(.text)
    I2CDRV_SLAVE_ReadData                    0x080020dd   Thumb Code    38  i2c_slave.o(.text)
    i2c_master_init                          0x08002139   Thumb Code   166  i2c_master.o(.text)
    i2c_master_write_register                0x0800223d   Thumb Code   324  i2c_master.o(.text)
    i2c_master_read_register                 0x08002381   Thumb Code   972  i2c_master.o(.text)
    i2c_master_deinit                        0x0800274d   Thumb Code    18  i2c_master.o(.text)
    ak09916_poll_data                        0x0800279d   Thumb Code   134  akm09916.o(.text)
    ak09916_run_selftest                     0x08002823   Thumb Code   284  akm09916.o(.text)
    ak09916_compare_whoami                   0x0800293f   Thumb Code    46  akm09916.o(.text)
    ak09916_soft_reset                       0x0800296d   Thumb Code    18  akm09916.o(.text)
    ak0991x_enable_sensor                    0x0800297f   Thumb Code    36  akm09916.o(.text)
    bmp280_reset                             0x080029d5   Thumb Code    18  bmp280.o(.text)
    bmp280_init                              0x080029e7   Thumb Code   426  bmp280.o(.text)
    bmp280_set_standby_time                  0x08002b91   Thumb Code    46  bmp280.o(.text)
    bmp280_set_work_mode                     0x08002bbf   Thumb Code    52  bmp280.o(.text)
    bmp280_set_temperature_oversampling_mode 0x08002bf3   Thumb Code    52  bmp280.o(.text)
    bmp280_set_pressure_oversampling_mode    0x08002c27   Thumb Code    52  bmp280.o(.text)
    bmp280_set_filter_mode                   0x08002c5b   Thumb Code    48  bmp280.o(.text)
    bmp280_compensate_temperature_double     0x08002c8b   Thumb Code   302  bmp280.o(.text)
    bmp280_compensate_pressure_double        0x08002db9   Thumb Code   640  bmp280.o(.text)
    bmp280_get_temperature                   0x08003039   Thumb Code    72  bmp280.o(.text)
    bmp280_get_pressure                      0x08003081   Thumb Code    90  bmp280.o(.text)
    bmp280_get_temperature_and_pressure      0x080030db   Thumb Code    24  bmp280.o(.text)
    bmp280_forced_mode_get_temperature_and_pressure 0x080030f3   Thumb Code    28  bmp280.o(.text)
    bmp280_demo                              0x0800310f   Thumb Code    36  bmp280.o(.text)
    delay_us                                 0x080031f9   Thumb Code    78  delay.o(.text)
    delay_ms                                 0x08003247   Thumb Code    18  delay.o(.text)
    delay                                    0x08003259   Thumb Code    12  delay.o(.text)
    ltr553_dev_init                          0x080032e9   Thumb Code   168  ltr553.o(.text)
    ltr559_ps_enable                         0x08003391   Thumb Code    52  ltr553.o(.text)
    ltr553_als_enable                        0x080033c5   Thumb Code    56  ltr553.o(.text)
    ltr553_ps_read                           0x080033fd   Thumb Code    44  ltr553.o(.text)
    ltr559_als_read                          0x08003429   Thumb Code   248  ltr553.o(.text)
    ltr553_get_ps_value                      0x08003521   Thumb Code    28  ltr553.o(.text)
    EXTI15_10_IRQHandler                     0x08003549   Thumb Code    62  gpio.o(.text)
    gpio_init_p_sensor_int                   0x08003587   Thumb Code   128  gpio.o(.text)
    icm_check_whoami                         0x08003699   Thumb Code    34  icm20608.o(.text)
    icm_reg_dump                             0x080036bb   Thumb Code    72  icm20608.o(.text)
    icm_read_reg                             0x08003703   Thumb Code    66  icm20608.o(.text)
    icm_set_int_latched                      0x08003745   Thumb Code   102  icm20608.o(.text)
    icm_set_sensors                          0x080037ab   Thumb Code   202  icm20608.o(.text)
    icm_set_bypass                           0x08003875   Thumb Code   328  icm20608.o(.text)
    icm_reset_fifo                           0x080039bd   Thumb Code   278  icm20608.o(.text)
    icm_configure_fifo                       0x08003ad3   Thumb Code    88  icm20608.o(.text)
    icm_set_accel_lpf                        0x08003b2b   Thumb Code   228  icm20608.o(.text)
    icm_set_gyro_lpf                         0x08003c0f   Thumb Code   278  icm20608.o(.text)
    icm_set_accel_fsr                        0x08003d25   Thumb Code   126  icm20608.o(.text)
    icm_set_gyro_fsr                         0x08003da3   Thumb Code   168  icm20608.o(.text)
    icm_get_fifo_config                      0x08003e4b   Thumb Code    12  icm20608.o(.text)
    icm_get_sample_rate                      0x08003e57   Thumb Code    12  icm20608.o(.text)
    icm_get_accel_lpf                        0x08003e63   Thumb Code    78  icm20608.o(.text)
    icm_get_gyro_lpf                         0x08003eb1   Thumb Code    84  icm20608.o(.text)
    icm_get_accel_fsr                        0x08003f05   Thumb Code    58  icm20608.o(.text)
    icm_get_gyro_fsr                         0x08003f3f   Thumb Code    64  icm20608.o(.text)
    icm_lp_accel_mode                        0x08003f7f   Thumb Code   440  icm20608.o(.text)
    icm_set_sample_rate                      0x08004137   Thumb Code   148  icm20608.o(.text)
    icm_init                                 0x080041cb   Thumb Code   282  icm20608.o(.text)
    icm_set_gyro_avgf                        0x080042e5   Thumb Code   166  icm20608.o(.text)
    icm_lp_6axis_mode                        0x0800438b   Thumb Code   104  icm20608.o(.text)
    icm_get_gyro_reg                         0x080043f3   Thumb Code   102  icm20608.o(.text)
    icm_get_accel_reg                        0x08004459   Thumb Code   102  icm20608.o(.text)
    icm_get_temperature                      0x080044bf   Thumb Code   140  icm20608.o(.text)
    icm_read_accel_bias                      0x0800454b   Thumb Code   136  icm20608.o(.text)
    icm_read_gyro_bias                       0x080045d3   Thumb Code   144  icm20608.o(.text)
    icm_set_gyro_bias_reg                    0x08004663   Thumb Code   164  icm20608.o(.text)
    icm_set_accel_bias_reg                   0x08004707   Thumb Code   208  icm20608.o(.text)
    icm_get_gyro_avgf                        0x080047d7   Thumb Code    76  icm20608.o(.text)
    icm_get_accel_avgf                       0x08004823   Thumb Code    58  icm20608.o(.text)
    icm_set_accel_avgf                       0x0800485d   Thumb Code   154  icm20608.o(.text)
    icm_get_watermark                        0x080048f7   Thumb Code    38  icm20608.o(.text)
    icm_set_watermark                        0x0800491d   Thumb Code    36  icm20608.o(.text)
    icm_get_gyro_sens                        0x08004941   Thumb Code    58  icm20608.o(.text)
    icm_get_accel_sens                       0x0800497b   Thumb Code    66  icm20608.o(.text)
    icm_get_power_state                      0x080049bd   Thumb Code    22  icm20608.o(.text)
    icm_get_int_status                       0x080049d3   Thumb Code    64  icm20608.o(.text)
    icm_read_fifo                            0x08004a13   Thumb Code   422  icm20608.o(.text)
    icm_set_int_level                        0x08004bb9   Thumb Code    12  icm20608.o(.text)
    icm_run_self_test                        0x080053a1   Thumb Code   276  icm20608.o(.text)
    icm_lp_motion_interrupt                  0x080054b5   Thumb Code   662  icm20608.o(.text)
    malloc                                   0x08005751   Thumb Code    94  h1_alloc.o(.text)
    __aeabi_ldivmod                          0x080057af   Thumb Code     0  llsdiv.o(.text)
    _ll_sdiv                                 0x080057af   Thumb Code    72  llsdiv.o(.text)
    __aeabi_memcpy                           0x080057f7   Thumb Code     0  rt_memcpy_v6.o(.text)
    __rt_memcpy                              0x080057f7   Thumb Code   138  rt_memcpy_v6.o(.text)
    _memcpy_lastbytes                        0x0800585d   Thumb Code     0  rt_memcpy_v6.o(.text)
    __aeabi_memclr4                          0x08005881   Thumb Code     0  rt_memclr_w.o(.text)
    __aeabi_memclr8                          0x08005881   Thumb Code     0  rt_memclr_w.o(.text)
    __rt_memclr_w                            0x08005881   Thumb Code    78  rt_memclr_w.o(.text)
    _memset_w                                0x08005885   Thumb Code     0  rt_memclr_w.o(.text)
    __use_two_region_memory                  0x080058cf   Thumb Code     2  heapauxi.o(.text)
    __rt_heap_escrow                         0x080058d1   Thumb Code     2  heapauxi.o(.text)
    __rt_heap_expand                         0x080058d3   Thumb Code     2  heapauxi.o(.text)
    __rt_heap_descriptor                     0x080058d5   Thumb Code     8  rt_heap_descriptor_intlibspace.o(.text)
    __use_no_heap                            0x080058dd   Thumb Code     2  hguard.o(.text)
    __heap$guard                             0x080058df   Thumb Code     2  hguard.o(.text)
    _terminate_user_alloc                    0x080058e1   Thumb Code     2  init_alloc.o(.text)
    _init_user_alloc                         0x080058e3   Thumb Code     2  init_alloc.o(.text)
    __Heap_Full                              0x080058e5   Thumb Code    34  init_alloc.o(.text)
    __Heap_Broken                            0x08005907   Thumb Code     6  init_alloc.o(.text)
    _init_alloc                              0x0800590d   Thumb Code    94  init_alloc.o(.text)
    __Heap_Initialize                        0x0800596b   Thumb Code    10  h1_init.o(.text)
    __Heap_DescSize                          0x08005975   Thumb Code     4  h1_init.o(.text)
    free                                     0x08005979   Thumb Code    78  h1_free.o(.text)
    __aeabi_uldivmod                         0x080059c7   Thumb Code     0  lludivv7m.o(.text)
    _ll_udiv                                 0x080059c7   Thumb Code   238  lludivv7m.o(.text)
    __aeabi_memcpy4                          0x08005ab5   Thumb Code     0  rt_memcpy_w.o(.text)
    __aeabi_memcpy8                          0x08005ab5   Thumb Code     0  rt_memcpy_w.o(.text)
    __rt_memcpy_w                            0x08005ab5   Thumb Code   100  rt_memcpy_w.o(.text)
    _memcpy_lastbytes_aligned                0x08005afd   Thumb Code     0  rt_memcpy_w.o(.text)
    __user_libspace                          0x08005b19   Thumb Code     8  libspace.o(.text)
    __user_perproc_libspace                  0x08005b19   Thumb Code     0  libspace.o(.text)
    __user_perthread_libspace                0x08005b19   Thumb Code     0  libspace.o(.text)
    __Heap_ProvideMemory                     0x08005b21   Thumb Code    52  h1_extend.o(.text)
    __rt_SIGRTMEM                            0x08005b55   Thumb Code    14  defsig_rtmem_outer.o(.text)
    __I$use$semihosting                      0x08005b63   Thumb Code     0  use_no_semi.o(.text)
    __use_no_semihosting_swi                 0x08005b63   Thumb Code     2  use_no_semi.o(.text)
    __semihosting_library_function           0x08005b65   Thumb Code     0  indicate_semi.o(.text)
    __user_setup_stackheap                   0x08005b65   Thumb Code    74  sys_stackheap_outer.o(.text)
    exit                                     0x08005baf   Thumb Code    12  exit.o(.text)
    __sig_exit                               0x08005bbb   Thumb Code    10  defsig_exit.o(.text)
    __rt_SIGRTMEM_inner                      0x08005bc5   Thumb Code    22  defsig_rtmem_inner.o(.text)
    _sys_exit                                0x08005c15   Thumb Code     8  sys_exit.o(.text)
    __default_signal_display                 0x08005c21   Thumb Code    50  defsig_general.o(.text)
    _ttywrch                                 0x08005c53   Thumb Code    14  sys_wrch.o(.text)
    __aeabi_d2f                              0x08005c61   Thumb Code     0  d2f.o(x$fpl$d2f)
    _d2f                                     0x08005c61   Thumb Code    98  d2f.o(x$fpl$d2f)
    __aeabi_dadd                             0x08005cc5   Thumb Code     0  daddsub_clz.o(x$fpl$dadd)
    _dadd                                    0x08005cc5   Thumb Code   332  daddsub_clz.o(x$fpl$dadd)
    __fpl_dcmp_Inf                           0x08005e15   Thumb Code    24  dcmpi.o(x$fpl$dcmpinf)
    __aeabi_ddiv                             0x08005e2d   Thumb Code     0  ddiv.o(x$fpl$ddiv)
    _ddiv                                    0x08005e2d   Thumb Code   552  ddiv.o(x$fpl$ddiv)
    __aeabi_cdcmpeq                          0x080060dd   Thumb Code     0  deqf.o(x$fpl$deqf)
    _dcmpeq                                  0x080060dd   Thumb Code   120  deqf.o(x$fpl$deqf)
    __aeabi_d2iz                             0x08006155   Thumb Code     0  dfix.o(x$fpl$dfix)
    _dfix                                    0x08006155   Thumb Code    94  dfix.o(x$fpl$dfix)
    __aeabi_i2d                              0x080061b3   Thumb Code     0  dflt_clz.o(x$fpl$dflt)
    _dflt                                    0x080061b3   Thumb Code    46  dflt_clz.o(x$fpl$dflt)
    __aeabi_ui2d                             0x080061e1   Thumb Code     0  dflt_clz.o(x$fpl$dfltu)
    _dfltu                                   0x080061e1   Thumb Code    38  dflt_clz.o(x$fpl$dfltu)
    __aeabi_cdcmple                          0x08006209   Thumb Code     0  dleqf.o(x$fpl$dleqf)
    _dcmple                                  0x08006209   Thumb Code   120  dleqf.o(x$fpl$dleqf)
    __fpl_dcmple_InfNaN                      0x0800626b   Thumb Code     0  dleqf.o(x$fpl$dleqf)
    __aeabi_dmul                             0x08006281   Thumb Code     0  dmul.o(x$fpl$dmul)
    _dmul                                    0x08006281   Thumb Code   332  dmul.o(x$fpl$dmul)
    __fpl_dnaninf                            0x080063d5   Thumb Code   156  dnaninf.o(x$fpl$dnaninf)
    __fpl_dretinf                            0x08006471   Thumb Code    12  dretinf.o(x$fpl$dretinf)
    __aeabi_cdrcmple                         0x0800647d   Thumb Code     0  drleqf.o(x$fpl$drleqf)
    _drcmple                                 0x0800647d   Thumb Code   108  drleqf.o(x$fpl$drleqf)
    __aeabi_drsub                            0x080064e9   Thumb Code     0  daddsub_clz.o(x$fpl$drsb)
    _drsb                                    0x080064e9   Thumb Code    22  daddsub_clz.o(x$fpl$drsb)
    __aeabi_dsub                             0x08006501   Thumb Code     0  daddsub_clz.o(x$fpl$dsub)
    _dsub                                    0x08006501   Thumb Code   464  daddsub_clz.o(x$fpl$dsub)
    __aeabi_f2d                              0x080066d5   Thumb Code     0  f2d.o(x$fpl$f2d)
    _f2d                                     0x080066d5   Thumb Code    86  f2d.o(x$fpl$f2d)
    __aeabi_fadd                             0x0800672d   Thumb Code     0  faddsub_clz.o(x$fpl$fadd)
    _fadd                                    0x0800672d   Thumb Code   196  faddsub_clz.o(x$fpl$fadd)
    __fpl_fcmp_Inf                           0x080067f1   Thumb Code    24  fcmpi.o(x$fpl$fcmpinf)
    __aeabi_fdiv                             0x08006809   Thumb Code     0  fdiv.o(x$fpl$fdiv)
    _fdiv                                    0x08006809   Thumb Code   384  fdiv.o(x$fpl$fdiv)
    __aeabi_f2iz                             0x0800698d   Thumb Code     0  ffix.o(x$fpl$ffix)
    _ffix                                    0x0800698d   Thumb Code    54  ffix.o(x$fpl$ffix)
    __aeabi_i2f                              0x080069c5   Thumb Code     0  fflt_clz.o(x$fpl$fflt)
    _fflt                                    0x080069c5   Thumb Code    48  fflt_clz.o(x$fpl$fflt)
    __aeabi_ui2f                             0x080069f5   Thumb Code     0  fflt_clz.o(x$fpl$ffltu)
    _ffltu                                   0x080069f5   Thumb Code    38  fflt_clz.o(x$fpl$ffltu)
    __aeabi_cfcmple                          0x08006a1d   Thumb Code     0  fleqf.o(x$fpl$fleqf)
    _fcmple                                  0x08006a1d   Thumb Code   104  fleqf.o(x$fpl$fleqf)
    __fpl_fcmple_InfNaN                      0x08006a6f   Thumb Code     0  fleqf.o(x$fpl$fleqf)
    __aeabi_fmul                             0x08006a85   Thumb Code     0  fmul.o(x$fpl$fmul)
    _fmul                                    0x08006a85   Thumb Code   258  fmul.o(x$fpl$fmul)
    __fpl_fnaninf                            0x08006b87   Thumb Code   140  fnaninf.o(x$fpl$fnaninf)
    __fpl_fretinf                            0x08006c13   Thumb Code    10  fretinf.o(x$fpl$fretinf)
    __aeabi_cfrcmple                         0x08006c1d   Thumb Code     0  frleqf.o(x$fpl$frleqf)
    _frcmple                                 0x08006c1d   Thumb Code    98  frleqf.o(x$fpl$frleqf)
    __aeabi_fsub                             0x08006c81   Thumb Code     0  faddsub_clz.o(x$fpl$fsub)
    _fsub                                    0x08006c81   Thumb Code   234  faddsub_clz.o(x$fpl$fsub)
    __I$use$fp                               0x08006d6a   Number         0  usenofp.o(x$fpl$usenofp)
    Region$$Table$$Base                      0x08006f7c   Number         0  anon$$obj.o(Region$$Table)
    Region$$Table$$Limit                     0x08006f9c   Number         0  anon$$obj.o(Region$$Table)
    acc_data                                 0x2000001c   Data           6  main.o(.data)
    ecompass_data                            0x20000022   Data           6  main.o(.data)
    gysensor_data                            0x20000028   Data           6  main.o(.data)
    als_data                                 0x20000030   Data           4  main.o(.data)
    test_data                                0x20000034   Data          30  main.o(.data)
    SystemCoreClock                          0x20000054   Data           4  system_stm32l1xx.o(.data)
    PLLMulTable                              0x20000058   Data           9  system_stm32l1xx.o(.data)
    MSITable                                 0x20000061   Data           7  system_stm32l1xx.o(.data)
    AHBPrescTable                            0x20000068   Data          16  system_stm32l1xx.o(.data)
    IntFlg                                   0x20000078   Data           4  i2c_slave.o(.data)
    i2c_irq_flg                              0x2000007c   Data           4  i2c_slave.o(.data)
    g_bmp280                                 0x20000090   Data           4  bmp280.o(.data)
    ps_value                                 0x2000009b   Data           1  gpio.o(.data)
    ps_int                                   0x2000009c   Data           1  gpio.o(.data)
    reg                                      0x200000a0   Data          39  icm20608.o(.data)
    hw                                       0x200000c8   Data          12  icm20608.o(.data)
    test                                     0x200000d4   Data          48  icm20608.o(.data)
    st                                       0x20000104   Data          44  icm20608.o(.data)
    tmpRV                                    0x20000130   Data          30  main.o(.bss)
    __libspace_start                         0x20000250   Data          96  libspace.o(.bss)
    __temporary_stack_top$libspace           0x200002b0   Data           0  libspace.o(.bss)



==============================================================================

Memory Map of the image

  Image Entry point : 0x080000f5

  Load Region LR_IROM1 (Base: 0x08000000, Size: 0x000070cc, Max: 0x00040000, ABSOLUTE, COMPRESSED[0x00007030])

    Execution Region ER_IROM1 (Base: 0x08000000, Size: 0x00006f9c, Max: 0x00040000, ABSOLUTE)

    Base Addr    Size         Type   Attr      Idx    E Section Name        Object

    0x08000000   0x000000f4   Data   RO          311    RESET               startup_stm32l1xx_md.o
    0x080000f4   0x00000008   Code   RO          547  * !!!main             c_w.l(__main.o)
    0x080000fc   0x00000034   Code   RO          838    !!!scatter          c_w.l(__scatter.o)
    0x08000130   0x0000005a   Code   RO          836    !!dczerorl2         c_w.l(__dczerorl2.o)
    0x0800018a   0x00000002   PAD
    0x0800018c   0x0000001c   Code   RO          840    !!handler_zi        c_w.l(__scatter_zi.o)
    0x080001a8   0x00000002   Code   RO          772    .ARM.Collect$$libinit$$00000000  c_w.l(libinit.o)
    0x080001aa   0x00000000   Code   RO          648    .ARM.Collect$$libinit$$00000002  c_w.l(libinit2.o)
    0x080001aa   0x00000008   Code   RO          649    .ARM.Collect$$libinit$$00000003  c_w.l(libinit2.o)
    0x080001b2   0x00000000   Code   RO          651    .ARM.Collect$$libinit$$00000008  c_w.l(libinit2.o)
    0x080001b2   0x00000000   Code   RO          653    .ARM.Collect$$libinit$$0000000A  c_w.l(libinit2.o)
    0x080001b2   0x00000000   Code   RO          655    .ARM.Collect$$libinit$$0000000C  c_w.l(libinit2.o)
    0x080001b2   0x00000000   Code   RO          658    .ARM.Collect$$libinit$$0000000F  c_w.l(libinit2.o)
    0x080001b2   0x00000000   Code   RO          660    .ARM.Collect$$libinit$$00000011  c_w.l(libinit2.o)
    0x080001b2   0x00000000   Code   RO          662    .ARM.Collect$$libinit$$00000013  c_w.l(libinit2.o)
    0x080001b2   0x00000000   Code   RO          664    .ARM.Collect$$libinit$$00000015  c_w.l(libinit2.o)
    0x080001b2   0x00000000   Code   RO          666    .ARM.Collect$$libinit$$00000017  c_w.l(libinit2.o)
    0x080001b2   0x00000000   Code   RO          668    .ARM.Collect$$libinit$$00000019  c_w.l(libinit2.o)
    0x080001b2   0x00000000   Code   RO          670    .ARM.Collect$$libinit$$0000001B  c_w.l(libinit2.o)
    0x080001b2   0x00000000   Code   RO          672    .ARM.Collect$$libinit$$0000001D  c_w.l(libinit2.o)
    0x080001b2   0x00000000   Code   RO          674    .ARM.Collect$$libinit$$0000001F  c_w.l(libinit2.o)
    0x080001b2   0x00000000   Code   RO          676    .ARM.Collect$$libinit$$00000021  c_w.l(libinit2.o)
    0x080001b2   0x00000000   Code   RO          678    .ARM.Collect$$libinit$$00000023  c_w.l(libinit2.o)
    0x080001b2   0x00000000   Code   RO          682    .ARM.Collect$$libinit$$0000002A  c_w.l(libinit2.o)
    0x080001b2   0x00000000   Code   RO          684    .ARM.Collect$$libinit$$0000002C  c_w.l(libinit2.o)
    0x080001b2   0x00000000   Code   RO          686    .ARM.Collect$$libinit$$0000002E  c_w.l(libinit2.o)
    0x080001b2   0x00000000   Code   RO          688    .ARM.Collect$$libinit$$00000030  c_w.l(libinit2.o)
    0x080001b2   0x00000002   Code   RO          689    .ARM.Collect$$libinit$$00000031  c_w.l(libinit2.o)
    0x080001b4   0x00000002   Code   RO          833    .ARM.Collect$$libshutdown$$00000000  c_w.l(libshutdown.o)
    0x080001b6   0x00000000   Code   RO          791    .ARM.Collect$$libshutdown$$00000003  c_w.l(libshutdown2.o)
    0x080001b6   0x00000000   Code   RO          794    .ARM.Collect$$libshutdown$$00000006  c_w.l(libshutdown2.o)
    0x080001b6   0x00000000   Code   RO          797    .ARM.Collect$$libshutdown$$00000009  c_w.l(libshutdown2.o)
    0x080001b6   0x00000000   Code   RO          799    .ARM.Collect$$libshutdown$$0000000B  c_w.l(libshutdown2.o)
    0x080001b6   0x00000000   Code   RO          802    .ARM.Collect$$libshutdown$$0000000E  c_w.l(libshutdown2.o)
    0x080001b6   0x00000002   Code   RO          803    .ARM.Collect$$libshutdown$$0000000F  c_w.l(libshutdown2.o)
    0x080001b8   0x00000000   Code   RO          609    .ARM.Collect$$rtentry$$00000000  c_w.l(rtentry.o)
    0x080001b8   0x00000000   Code   RO          709    .ARM.Collect$$rtentry$$00000002  c_w.l(rtentry2.o)
    0x080001b8   0x00000006   Code   RO          721    .ARM.Collect$$rtentry$$00000004  c_w.l(rtentry4.o)
    0x080001be   0x00000000   Code   RO          711    .ARM.Collect$$rtentry$$00000009  c_w.l(rtentry2.o)
    0x080001be   0x00000004   Code   RO          712    .ARM.Collect$$rtentry$$0000000A  c_w.l(rtentry2.o)
    0x080001c2   0x00000000   Code   RO          714    .ARM.Collect$$rtentry$$0000000C  c_w.l(rtentry2.o)
    0x080001c2   0x00000008   Code   RO          715    .ARM.Collect$$rtentry$$0000000D  c_w.l(rtentry2.o)
    0x080001ca   0x00000002   Code   RO          775    .ARM.Collect$$rtexit$$00000000  c_w.l(rtexit.o)
    0x080001cc   0x00000000   Code   RO          807    .ARM.Collect$$rtexit$$00000002  c_w.l(rtexit2.o)
    0x080001cc   0x00000004   Code   RO          808    .ARM.Collect$$rtexit$$00000003  c_w.l(rtexit2.o)
    0x080001d0   0x00000006   Code   RO          809    .ARM.Collect$$rtexit$$00000004  c_w.l(rtexit2.o)
    0x080001d6   0x00000002   PAD
    0x080001d8   0x00000000   Code   RO          729    .emb_text           c_w.l(maybetermalloc1.o)
    0x080001d8   0x000000dc   Code   RO           17    .text               misc.o
    0x080002b4   0x000001ec   Code   RO          106    .text               stm32l1xx_gpio.o
    0x080004a0   0x00000488   Code   RO          130    .text               stm32l1xx_rcc.o
    0x08000928   0x00000268   Code   RO          144    .text               stm32l1xx_syscfg.o
    0x08000b90   0x0000011c   Code   RO          168    .text               stm32l1xx_exti.o
    0x08000cac   0x000003e4   Code   RO          204    .text               stm32l1xx_i2c.o
    0x08001090   0x000009e0   Code   RO          216    .text               stm32l1xx_tim.o
    0x08001a70   0x00000148   Code   RO          228    .text               main.o
    0x08001bb8   0x00000278   Code   RO          290    .text               system_stm32l1xx.o
    0x08001e30   0x00000040   Code   RO          312    .text               startup_stm32l1xx_md.o
    0x08001e70   0x000002c8   Code   RO          340    .text               i2c_slave.o
    0x08002138   0x00000638   Code   RO          359    .text               i2c_master.o
    0x08002770   0x00000238   Code   RO          373    .text               akm09916.o
    0x080029a8   0x000007b8   Code   RO          392    .text               bmp280.o
    0x08003160   0x0000010c   Code   RO          416    .text               delay.o
    0x0800326c   0x000002dc   Code   RO          430    .text               ltr553.o
    0x08003548   0x000000c8   Code   RO          444    .text               gpio.o
    0x08003610   0x00002140   Code   RO          465    .text               icm20608.o
    0x08005750   0x0000005e   Code   RO          485    .text               c_w.l(h1_alloc.o)
    0x080057ae   0x00000048   Code   RO          539    .text               c_w.l(llsdiv.o)
    0x080057f6   0x0000008a   Code   RO          541    .text               c_w.l(rt_memcpy_v6.o)
    0x08005880   0x0000004e   Code   RO          543    .text               c_w.l(rt_memclr_w.o)
    0x080058ce   0x00000006   Code   RO          545    .text               c_w.l(heapauxi.o)
    0x080058d4   0x00000008   Code   RO          613    .text               c_w.l(rt_heap_descriptor_intlibspace.o)
    0x080058dc   0x00000004   Code   RO          615    .text               c_w.l(hguard.o)
    0x080058e0   0x0000008a   Code   RO          617    .text               c_w.l(init_alloc.o)
    0x0800596a   0x0000000e   Code   RO          623    .text               c_w.l(h1_init.o)
    0x08005978   0x0000004e   Code   RO          625    .text               c_w.l(h1_free.o)
    0x080059c6   0x000000ee   Code   RO          641    .text               c_w.l(lludivv7m.o)
    0x08005ab4   0x00000064   Code   RO          643    .text               c_w.l(rt_memcpy_w.o)
    0x08005b18   0x00000008   Code   RO          705    .text               c_w.l(libspace.o)
    0x08005b20   0x00000034   Code   RO          731    .text               c_w.l(h1_extend.o)
    0x08005b54   0x0000000e   Code   RO          735    .text               c_w.l(defsig_rtmem_outer.o)
    0x08005b62   0x00000002   Code   RO          746    .text               c_w.l(use_no_semi.o)
    0x08005b64   0x00000000   Code   RO          748    .text               c_w.l(indicate_semi.o)
    0x08005b64   0x0000004a   Code   RO          749    .text               c_w.l(sys_stackheap_outer.o)
    0x08005bae   0x0000000c   Code   RO          757    .text               c_w.l(exit.o)
    0x08005bba   0x0000000a   Code   RO          759    .text               c_w.l(defsig_exit.o)
    0x08005bc4   0x00000050   Code   RO          761    .text               c_w.l(defsig_rtmem_inner.o)
    0x08005c14   0x0000000c   Code   RO          773    .text               c_w.l(sys_exit.o)
    0x08005c20   0x00000032   Code   RO          783    .text               c_w.l(defsig_general.o)
    0x08005c52   0x0000000e   Code   RO          804    .text               c_w.l(sys_wrch.o)
    0x08005c60   0x00000062   Code   RO          549    x$fpl$d2f           fz_ws.l(d2f.o)
    0x08005cc2   0x00000002   PAD
    0x08005cc4   0x00000150   Code   RO          551    x$fpl$dadd          fz_ws.l(daddsub_clz.o)
    0x08005e14   0x00000018   Code   RO          690    x$fpl$dcmpinf       fz_ws.l(dcmpi.o)
    0x08005e2c   0x000002b0   Code   RO          558    x$fpl$ddiv          fz_ws.l(ddiv.o)
    0x080060dc   0x00000078   Code   RO          561    x$fpl$deqf          fz_ws.l(deqf.o)
    0x08006154   0x0000005e   Code   RO          563    x$fpl$dfix          fz_ws.l(dfix.o)
    0x080061b2   0x0000002e   Code   RO          568    x$fpl$dflt          fz_ws.l(dflt_clz.o)
    0x080061e0   0x00000026   Code   RO          567    x$fpl$dfltu         fz_ws.l(dflt_clz.o)
    0x08006206   0x00000002   PAD
    0x08006208   0x00000078   Code   RO          573    x$fpl$dleqf         fz_ws.l(dleqf.o)
    0x08006280   0x00000154   Code   RO          575    x$fpl$dmul          fz_ws.l(dmul.o)
    0x080063d4   0x0000009c   Code   RO          692    x$fpl$dnaninf       fz_ws.l(dnaninf.o)
    0x08006470   0x0000000c   Code   RO          694    x$fpl$dretinf       fz_ws.l(dretinf.o)
    0x0800647c   0x0000006c   Code   RO          577    x$fpl$drleqf        fz_ws.l(drleqf.o)
    0x080064e8   0x00000016   Code   RO          552    x$fpl$drsb          fz_ws.l(daddsub_clz.o)
    0x080064fe   0x00000002   PAD
    0x08006500   0x000001d4   Code   RO          553    x$fpl$dsub          fz_ws.l(daddsub_clz.o)
    0x080066d4   0x00000056   Code   RO          579    x$fpl$f2d           fz_ws.l(f2d.o)
    0x0800672a   0x00000002   PAD
    0x0800672c   0x000000c4   Code   RO          581    x$fpl$fadd          fz_ws.l(faddsub_clz.o)
    0x080067f0   0x00000018   Code   RO          696    x$fpl$fcmpinf       fz_ws.l(fcmpi.o)
    0x08006808   0x00000184   Code   RO          588    x$fpl$fdiv          fz_ws.l(fdiv.o)
    0x0800698c   0x00000036   Code   RO          591    x$fpl$ffix          fz_ws.l(ffix.o)
    0x080069c2   0x00000002   PAD
    0x080069c4   0x00000030   Code   RO          596    x$fpl$fflt          fz_ws.l(fflt_clz.o)
    0x080069f4   0x00000026   Code   RO          595    x$fpl$ffltu         fz_ws.l(fflt_clz.o)
    0x08006a1a   0x00000002   PAD
    0x08006a1c   0x00000068   Code   RO          601    x$fpl$fleqf         fz_ws.l(fleqf.o)
    0x08006a84   0x00000102   Code   RO          603    x$fpl$fmul          fz_ws.l(fmul.o)
    0x08006b86   0x0000008c   Code   RO          698    x$fpl$fnaninf       fz_ws.l(fnaninf.o)
    0x08006c12   0x0000000a   Code   RO          700    x$fpl$fretinf       fz_ws.l(fretinf.o)
    0x08006c1c   0x00000062   Code   RO          605    x$fpl$frleqf        fz_ws.l(frleqf.o)
    0x08006c7e   0x00000002   PAD
    0x08006c80   0x000000ea   Code   RO          583    x$fpl$fsub          fz_ws.l(faddsub_clz.o)
    0x08006d6a   0x00000000   Code   RO          702    x$fpl$usenofp       fz_ws.l(usenofp.o)
    0x08006d6a   0x00000002   PAD
    0x08006d6c   0x0000000e   Data   RO          374    .constdata          akm09916.o
    0x08006d7a   0x00000200   Data   RO          466    .constdata          icm20608.o
    0x08006f7a   0x00000002   PAD
    0x08006f7c   0x00000020   Data   RO          834    Region$$Table       anon$$obj.o


    Execution Region RW_IRAM1 (Base: 0x20000000, Size: 0x000008b0, Max: 0x00008000, ABSOLUTE, COMPRESSED[0x00000094])

    Base Addr    Size         Type   Attr      Idx    E Section Name        Object

    0x20000000   0x00000019   Data   RW          131    .data               stm32l1xx_rcc.o
    0x20000019   0x00000003   PAD
    0x2000001c   0x00000036   Data   RW          230    .data               main.o
    0x20000052   0x00000002   PAD
    0x20000054   0x00000024   Data   RW          291    .data               system_stm32l1xx.o
    0x20000078   0x00000014   Data   RW          342    .data               i2c_slave.o
    0x2000008c   0x00000001   Data   RW          360    .data               i2c_master.o
    0x2000008d   0x00000003   PAD
    0x20000090   0x00000004   Data   RW          393    .data               bmp280.o
    0x20000094   0x00000001   Data   RW          417    .data               delay.o
    0x20000095   0x00000001   PAD
    0x20000096   0x00000005   Data   RW          431    .data               ltr553.o
    0x2000009b   0x00000002   Data   RW          445    .data               gpio.o
    0x2000009d   0x00000003   PAD
    0x200000a0   0x00000090   Data   RW          467    .data               icm20608.o
    0x20000130   0x0000001e   Zero   RW          229    .bss                main.o
    0x2000014e   0x00000100   Zero   RW          341    .bss                i2c_slave.o
    0x2000024e   0x00000002   PAD
    0x20000250   0x00000060   Zero   RW          706    .bss                c_w.l(libspace.o)
    0x200002b0   0x00000200   Zero   RW          310    HEAP                startup_stm32l1xx_md.o
    0x200004b0   0x00000400   Zero   RW          309    STACK               startup_stm32l1xx_md.o


==============================================================================

Image component sizes


      Code (inc. data)   RO Data    RW Data    ZI Data      Debug   Object Name

       568          6         14          0          0       2925   akm09916.o
      1976         70          0          4          0       8007   bmp280.o
         0          0          0          0          0       4244   core_cm3.o
       268          8          0          1          0       1970   delay.o
       200         10          0          2          0       1012   gpio.o
      1592         44          0          1          0       4243   i2c_master.o
       712         54          0         20        256       2881   i2c_slave.o
      8512        110        512        144          0      21027   icm20608.o
       732         12          0          5          0       3304   ltr553.o
       328         30          0         54         30       2194   main.o
       220         20          0          0          0     181437   misc.o
        64         26        244          0       1536        876   startup_stm32l1xx_md.o
       284         10          0          0          0       2287   stm32l1xx_exti.o
       492         24          0          0          0       3701   stm32l1xx_gpio.o
       996         18          0          0          0       7764   stm32l1xx_i2c.o
      1160         40          0         25          0       9179   stm32l1xx_rcc.o
       616         10          0          0          0       2833   stm32l1xx_syscfg.o
      2528         28          0          0          0      20000   stm32l1xx_tim.o
       632         48          0         36          0       2010   system_stm32l1xx.o

    ----------------------------------------------------------------------
     21880        568        804        304       1824     281894   Object Totals
         0          0         32          0          0          0   (incl. Generated)
         0          0          2         12          2          0   (incl. Padding)

    ----------------------------------------------------------------------

      Code (inc. data)   RO Data    RW Data    ZI Data      Debug   Library Member Name

        90          0          0          0          0          0   __dczerorl2.o
         8          0          0          0          0         68   __main.o
        52          8          0          0          0          0   __scatter.o
        28          0          0          0          0          0   __scatter_zi.o
        10          0          0          0          0         68   defsig_exit.o
        50          0          0          0          0         88   defsig_general.o
        80         58          0          0          0         76   defsig_rtmem_inner.o
        14          0          0          0          0         80   defsig_rtmem_outer.o
        12          0          0          0          0         72   exit.o
        94          0          0          0          0         80   h1_alloc.o
        52          0          0          0          0         68   h1_extend.o
        78          0          0          0          0         80   h1_free.o
        14          0          0          0          0         84   h1_init.o
         6          0          0          0          0        152   heapauxi.o
         4          0          0          0          0        136   hguard.o
         0          0          0          0          0          0   indicate_semi.o
       138          0          0          0          0        168   init_alloc.o
         2          0          0          0          0          0   libinit.o
        10          0          0          0          0          0   libinit2.o
         2          0          0          0          0          0   libshutdown.o
         2          0          0          0          0          0   libshutdown2.o
         8          4          0          0         96         68   libspace.o
        72          0          0          0          0         76   llsdiv.o
       238          0          0          0          0        100   lludivv7m.o
         0          0          0          0          0          0   maybetermalloc1.o
         8          4          0          0          0         68   rt_heap_descriptor_intlibspace.o
        78          0          0          0          0         80   rt_memclr_w.o
       138          0          0          0          0         68   rt_memcpy_v6.o
       100          0          0          0          0         80   rt_memcpy_w.o
         0          0          0          0          0          0   rtentry.o
        12          0          0          0          0          0   rtentry2.o
         6          0          0          0          0          0   rtentry4.o
         2          0          0          0          0          0   rtexit.o
        10          0          0          0          0          0   rtexit2.o
        12          4          0          0          0         68   sys_exit.o
        74          0          0          0          0         80   sys_stackheap_outer.o
        14          0          0          0          0         76   sys_wrch.o
         2          0          0          0          0         68   use_no_semi.o
        98          4          0          0          0         92   d2f.o
       826         16          0          0          0        348   daddsub_clz.o
        24          0          0          0          0         68   dcmpi.o
       688        140          0          0          0        208   ddiv.o
       120          4          0          0          0         92   deqf.o
        94          4          0          0          0         92   dfix.o
        84          0          0          0          0        136   dflt_clz.o
       120          4          0          0          0         92   dleqf.o
       340         12          0          0          0        104   dmul.o
       156          4          0          0          0         92   dnaninf.o
        12          0          0          0          0         68   dretinf.o
       108          0          0          0          0         80   drleqf.o
        86          4          0          0          0         84   f2d.o
       430          8          0          0          0        168   faddsub_clz.o
        24          0          0          0          0         68   fcmpi.o
       388         76          0          0          0         96   fdiv.o
        54          4          0          0          0         84   ffix.o
        86          0          0          0          0        136   fflt_clz.o
       104          4          0          0          0         84   fleqf.o
       258          4          0          0          0         84   fmul.o
       140          4          0          0          0         84   fnaninf.o
        10          0          0          0          0         68   fretinf.o
        98          0          0          0          0         68   frleqf.o
         0          0          0          0          0          0   usenofp.o

    ----------------------------------------------------------------------
      5888        370          0          0         96       4548   Library Totals
        20          0          0          0          0          0   (incl. Padding)

    ----------------------------------------------------------------------

      Code (inc. data)   RO Data    RW Data    ZI Data      Debug   Library Name

      1520         78          0          0         96       2052   c_w.l
      4348        292          0          0          0       2496   fz_ws.l

    ----------------------------------------------------------------------
      5888        370          0          0         96       4548   Library Totals

    ----------------------------------------------------------------------

==============================================================================


      Code (inc. data)   RO Data    RW Data    ZI Data      Debug   

     27768        938        804        304       1920     282074   Grand Totals
     27768        938        804        148       1920     282074   ELF Image Totals (compressed)
     27768        938        804        148          0          0   ROM Totals

==============================================================================

    Total RO  Size (Code + RO Data)                28572 (  27.90kB)
    Total RW  Size (RW Data + ZI Data)              2224 (   2.17kB)
    Total ROM Size (Code + RO Data + RW Data)      28720 (  28.05kB)

==============================================================================

