<html>
<body>
<pre>
<h1>µVision Build Log</h1>
<h2>Project:</h2>
C:\Sensorhub\stm32l151-sensorhub_version_1_1\stm32l151-sensorhub\GPIO_LED\MDK_Project\MDK_Project.uvproj
Project File Date:  08/22/2016

<h2>Output:</h2>
Rebuild target 'Open152V-D'
compiling core_cm3.c...
compiling misc.c...
compiling stm32l1xx_gpio.c...
compiling stm32l1xx_pwr.c...
compiling stm32l1xx_rcc.c...
compiling stm32l1xx_syscfg.c...
compiling stm32l1xx_wwdg.c...
compiling stm32l1xx_exti.c...
compiling stm32l1xx_rtc.c...
compiling stm32l1xx_usart.c...
compiling stm32l1xx_i2c.c...
compiling stm32l1xx_tim.c...
compiling main.c...
..\inc\driver_H\akm09916.h(53): warning:  #1295-D: Deprecated declaration ak09916_soft_reset - give arg types
  int ak09916_soft_reset();
..\inc\driver_H\akm09916.h(54): warning:  #1295-D: Deprecated declaration ak09916_compare_whoami - give arg types
  int ak09916_compare_whoami();
..\inc\driver_H\akm09916.h(55): warning:  #1295-D: Deprecated declaration ak09916_run_selftest - give arg types
  int ak09916_run_selftest();
..\inc\driver_H\bmp280.h(117): warning:  #1295-D: Deprecated declaration bmp280_reset - give arg types
  void bmp280_reset();
..\inc\driver_H\bmp280.h(118): warning:  #1295-D: Deprecated declaration bmp280_init - give arg types
  void bmp280_init();
..\inc\driver_H\gpio.h(10): warning:  #1295-D: Deprecated declaration gpio_init_p_sensor_int - give arg types
  extern void gpio_init_p_sensor_int();
..\src\main.c(38): warning:  #177-D: variable "new_temp" was declared but never referenced
        unsigned char accel_fsr,  new_temp = 0;
..\src\main.c(41): warning:  #177-D: variable "sensors" was declared but never referenced
        unsigned char sensors, more;
..\src\main.c(41): warning:  #177-D: variable "more" was declared but never referenced
        unsigned char sensors, more;
..\src\main.c: 9 warnings, 0 errors
compiling system_stm32l1xx.c...
assembling startup_stm32l1xx_md.s...
compiling usart_1.c...
compiling led.c...
compiling i2c_slave.c...
compiling i2c_master.c...
compiling akm09916.c...
..\inc\driver_H\akm09916.h(53): warning:  #1295-D: Deprecated declaration ak09916_soft_reset - give arg types
  int ak09916_soft_reset();
..\inc\driver_H\akm09916.h(54): warning:  #1295-D: Deprecated declaration ak09916_compare_whoami - give arg types
  int ak09916_compare_whoami();
..\inc\driver_H\akm09916.h(55): warning:  #1295-D: Deprecated declaration ak09916_run_selftest - give arg types
  int ak09916_run_selftest();
..\src\driver\akm09916.c: 3 warnings, 0 errors
compiling bmp280.c...
..\inc\driver_H\bmp280.h(117): warning:  #1295-D: Deprecated declaration bmp280_reset - give arg types
  void bmp280_reset();
..\inc\driver_H\bmp280.h(118): warning:  #1295-D: Deprecated declaration bmp280_init - give arg types
  void bmp280_init();
..\src\driver\bmp280.c: 2 warnings, 0 errors
compiling delay.c...
compiling ltr553.c...
..\src\driver\ltr553.c(20): warning:  #177-D: function "ltr553_ps_set_thres" was declared but never referenced
  static void ltr553_ps_set_thres(void)
..\src\driver\ltr553.c: 1 warning, 0 errors
compiling gpio.c...
..\inc\driver_H\gpio.h(10): warning:  #1295-D: Deprecated declaration gpio_init_p_sensor_int - give arg types
  extern void gpio_init_p_sensor_int();
..\src\driver\gpio.c: 1 warning, 0 errors
compiling icm20608.c...
linking...
Program Size: Code=27848 RO-data=804 RW-data=308 ZI-data=1948  
FromELF: creating hex file...
".\SensorHUB_Firmware.axf" - 0 Error(s), 16 Warning(s).
</pre>
</body>
</html>
DK_Project'
   deleting intermediate output files for target 'Open152V-D'
